Component: ARM Compiler 5.06 update 7 (build 960) Tool: armlink [4d3601]

==============================================================================

Section Cross References

    system_mm32f032xx_s.o(i.AutoCalPllFactor) refers to uidiv.o(.text) for __aeabi_uidivmod
    system_mm32f032xx_s.o(i.SystemInit) refers to system_mm32f032xx_s.o(i.SetSysClockTo48) for SetSysClockTo48
    startup_mm32f032xx_s_keil.o(RESET) refers to startup_mm32f032xx_s_keil.o(STACK) for __initial_sp
    startup_mm32f032xx_s_keil.o(RESET) refers to startup_mm32f032xx_s_keil.o(.text) for Reset_Handler
    startup_mm32f032xx_s_keil.o(RESET) refers to systick.o(i.SysTick_Handler) for SysTick_Handler
    startup_mm32f032xx_s_keil.o(RESET) refers to porting_misc.o(i.EXTI4_15_IRQHandler) for EXTI4_15_IRQHandler
    startup_mm32f032xx_s_keil.o(RESET) refers to spi.o(i.DMA1_Channel2_3_IRQHandler) for DMA1_Channel2_3_IRQHandler
    startup_mm32f032xx_s_keil.o(RESET) refers to spi.o(i.DMA1_Channel4_5_IRQHandler) for DMA1_Channel4_5_IRQHandler
    startup_mm32f032xx_s_keil.o(.text) refers to startup_mm32f032xx_s_keil.o(STACK) for __initial_sp
    startup_mm32f032xx_s_keil.o(.text) refers to system_mm32f032xx_s.o(i.SystemInit) for SystemInit
    startup_mm32f032xx_s_keil.o(.text) refers to entry.o(.ARM.Collect$$$$00000000) for __main
    main.o(i.RF_Open) refers to systick.o(i.SysTick_DelayMs) for SysTick_DelayMs
    main.o(i.RF_Open) refers to hal_rcc.o(i.RCC_AHBPeriphClockCmd) for RCC_AHBPeriphClockCmd
    main.o(i.RF_Open) refers to hal_gpio.o(i.GPIO_StructInit) for GPIO_StructInit
    main.o(i.RF_Open) refers to hal_gpio.o(i.GPIO_Init) for GPIO_Init
    main.o(i.RF_Open) refers to hal_gpio.o(i.GPIO_SetBits) for GPIO_SetBits
    main.o(i.RF_Open) refers to hal_gpio.o(i.GPIO_ResetBits) for GPIO_ResetBits
    main.o(i.RF_Open) refers to porting_misc.o(i.RF_SpiIoMapping) for RF_SpiIoMapping
    main.o(i.RF_Open) refers to rf_phy.o(i.RF_Init) for RF_Init
    main.o(i.main) refers to systick.o(i.SysTick_Init) for SysTick_Init
    main.o(i.main) refers to uart.o(i.UARTx_Configure) for UARTx_Configure
    main.o(i.main) refers to main.o(i.RF_Open) for RF_Open
    main.o(i.main) refers to printf8.o(i.__0printf$8) for __2printf
    main.o(i.main) refers to rf_phy.o(i.ChipId_Get) for ChipId_Get
    main.o(i.main) refers to ble_cmd.o(i.setBLE_BleDeviceAddr) for setBLE_BleDeviceAddr
    main.o(i.main) refers to user.o(i.BleApp_Init) for BleApp_Init
    main.o(i.main) refers to kernel.o(i.Ble_Kernel_Root) for Ble_Kernel_Root
    main.o(i.main) refers to user.o(i.BleApp_Main) for BleApp_Main
    user.o(i.BleApp_Init) refers to ble_event.o(i.setBLE_RegisterBleEvent) for setBLE_RegisterBleEvent
    user.o(i.BleApp_Init) refers to ble_cmd.o(i.setBLE_IOCapabilities) for setBLE_IOCapabilities
    user.o(i.BleApp_Init) refers to user.o(i.BleEvent_Callback) for BleEvent_Callback
    user.o(i.BleApp_Main) refers to rf_phy.o(i.LLTimeline_Get) for LLTimeline_Get
    user.o(i.BleApp_Main) refers to host.o(i.ATT_HDL_Notify) for ATT_HDL_Notify
    user.o(i.BleApp_Main) refers to user.o(i.Ble_Slave_StartADV) for Ble_Slave_StartADV
    user.o(i.BleApp_Main) refers to user.o(.data) for .data
    user.o(i.BleApp_Main) refers to profile_tab.o(.data) for att_HDL_HIDS_REPORT_KBI
    user.o(i.BleApp_Main) refers to profile_tab.o(.constdata) for ATT_HDL_HIDS_REPORT_KBI_INIT
    user.o(i.BleApp_Main) refers to profile_tab.o(.data) for att_HDL_HIDS_REPORT_KBI_CLIENT_CHARACTERISTIC_CONFIGURATION
    user.o(i.BleEvent_Callback) refers to kernel.o(i.__ARM_common_switch8) for __ARM_common_switch8
    user.o(i.BleEvent_Callback) refers to printf8.o(i.__0printf$8) for __2printf
    user.o(i.BleEvent_Callback) refers to ble_cmd.o(i.setBLE_Pairing_PassKey) for setBLE_Pairing_PassKey
    user.o(i.BleEvent_Callback) refers to user.o(.data) for .data
    user.o(i.BleEvent_Callback) refers to user.o(.conststring) for .conststring
    user.o(i.BleEvent_Callback) refers to main.o(.data) for g_pairinKey
    user.o(i.Ble_Initial) refers to user.o(i.Ble_Slave_StartADV) for Ble_Slave_StartADV
    user.o(i.Ble_Initial) refers to user.o(i.Ble_Master_Init) for Ble_Master_Init
    user.o(i.Ble_Master_Init) refers to memcpya.o(.text) for __aeabi_memcpy
    user.o(i.Ble_Master_Init) refers to ble_cmd.o(i.setBLE_ConnCreate) for setBLE_ConnCreate
    user.o(i.Ble_Master_Init) refers to user.o(.constdata) for .constdata
    user.o(i.Ble_Slave_AdvInit) refers to ble_cmd.o(i.setBLE_AdvParam) for setBLE_AdvParam
    user.o(i.Ble_Slave_StartADV) refers to user.o(i.Ble_Slave_AdvInit) for Ble_Slave_AdvInit
    user.o(i.Ble_Slave_StartADV) refers to ble_cmd.o(i.setBLE_AdvData) for setBLE_AdvData
    user.o(i.Ble_Slave_StartADV) refers to ble_cmd.o(i.setBLE_ScanRspData) for setBLE_ScanRspData
    user.o(i.Ble_Slave_StartADV) refers to ble_cmd.o(i.setBLE_AdvEnable) for setBLE_AdvEnable
    user.o(i.Ble_Slave_StartADV) refers to user.o(.constdata) for .constdata
[...]
    Prcss_BLE_OPCODE_ATT                     0x0800a3f8   Data         124  mmi.o(.constdata)
    Prcss_L2CAP_CID                          0x0800a474   Data          28  mmi.o(.constdata)
    UUID_BLUETOOTH_BASE                      0x0800a490   Data          16  rffunction.o(.constdata)
    Region$$Table$$Base                      0x0800a4ec   Number         0  anon$$obj.o(Region$$Table)
    Region$$Table$$Limit                     0x0800a50c   Number         0  anon$$obj.o(Region$$Table)
    g_pairinKey                              0x20000000   Data           4  main.o(.data)
    connId                                   0x20000004   Data           1  user.o(.data)
    ble_state                                0x20000005   Data           1  user.o(.data)
    HID_report_MS_key_temp                   0x20000006   Data           1  user.o(.data)
    STATE_HID_reportKB                       0x20000007   Data           1  user.o(.data)
    HID_report_KB_key_temp                   0x20000008   Data           1  user.o(.data)
    SPI_DMATxFlag                            0x20000010   Data           1  spi.o(.data)
    SPI_DMARxFlag                            0x20000011   Data           1  spi.o(.data)
    SysTick_DelayTicks                       0x20000014   Data           4  systick.o(.data)
    tbPresc                                  0x20000018   Data          16  hal_rcc.o(.data)
    att_HDL_GAP_DEVICE_NAME                  0x20000028   Data           7  profile_tab.o(.data)
    att_HDL_GAP_RECONNECTION_ADDRESS         0x2000002f   Data           6  profile_tab.o(.data)
    att_HDL_GATT_SERVICE_CHANGED             0x20000035   Data           4  profile_tab.o(.data)
    att_HDL_GATT_CLIENT_CHARACTERISTIC_CONFIGURATION 0x20000039   Data           2  profile_tab.o(.data)
    att_HDL_BAS_BATTERY_LEVEL                0x2000003b   Data           1  profile_tab.o(.data)
    att_HDL_BAS_CLIENT_CHARACTERISTIC_CONFIGURATION 0x2000003c   Data           2  profile_tab.o(.data)
    att_HDL_BAS_BATTERY_POWER_STATE          0x2000003e   Data           1  profile_tab.o(.data)
    att_HDL_HIDS_HID_CONTROL_POINT           0x2000003f   Data           1  profile_tab.o(.data)
    att_HDL_HIDS_REPORT_KBI                  0x20000040   Data           8  profile_tab.o(.data)
    att_HDL_HIDS_REPORT_KBI_CLIENT_CHARACTERISTIC_CONFIGURATION 0x20000048   Data           2  profile_tab.o(.data)
    att_HDL_HIDS_REPORT_KBO                  0x2000004a   Data           1  profile_tab.o(.data)
    att_HDL_HIDS_PROTOCOL_MODE               0x2000004b   Data           1  profile_tab.o(.data)
    ATTRIBUTE_SERVER_PARAM                   0x2000004c   Data         244  profile_tab.o(.data)
    ATTRIBUTE_SERVER                         0x20000140   Data         244  profile_tab.o(.data)
    ATTRIBUTE_SERVER_PERMISSION              0x20000234   Data         244  profile_tab.o(.data)
    size_ATTRIBUTE_SERVER                    0x20000328   Data           1  profile_tab.o(.data)
    bleEventCallBack                         0x2000032c   Data           4  ble_event.o(.data)
    MBlk_depth_Remaining                     0x20000330   Data           1  kernel.o(.data)
    MBlk_depth_Rsv                           0x20000331   Data           1  kernel.o(.data)
    MBlk_Free                                0x20000334   Data           4  kernel.o(.data)
    bleAddr_param                            0x20000338   Data           7  host.o(.data)
    ble_device_param                         0x2000033f   Data           8  host.o(.data)
    RX_CRC_valid_flag                        0x20000348   Data           1  ll.o(.data)
    FT_WakeupFlag                            0x20000349   Data           1  ll.o(.data)
    LL_ConnDataTmpGate                       0x2000034a   Data           1  ll.o(.data)
    LL_ConnID_Remaining                      0x2000034b   Data           1  ll.o(.data)
    TBlk_Free_LL                             0x2000034c   Data           1  ll.o(.data)
    TBlk_InUse_LL                            0x2000034d   Data           1  ll.o(.data)
    LL_SMP_DataCh                            0x2000034e   Data           1  ll.o(.data)
    status_LL_Tmr                            0x2000034f   Data           1  ll.o(.data)
    anchor_LL_Tmr                            0x20000350   Data           1  ll.o(.data)
    LL_Msg_AdvScnConn                        0x20000351   Data           1  ll.o(.data)
    LL_Msg_AdvScnConnUpd                     0x20000352   Data           1  ll.o(.data)
    LL_Msg_AdvScnConnUpdSts                  0x20000353   Data           1  ll.o(.data)
    RF_Msg_RF0INT                            0x20000354   Data           1  ll.o(.data)
    LL_DurRxPktAccu                          0x20000356   Data           2  ll.o(.data)
    LL_ConnBuffPt                            0x20000358   Data           4  ll.o(.data)
    LL_Adv_Data_Buf                          0x2000035c   Data           4  ll.o(.data)
    LL_Ref_Default_PHY                       0x20000360   Data           4  ll.o(.data)
    tblk_LL_pi                               0x20000364   Data           4  ll.o(.data)
    tblk_LL_pi2                              0x20000368   Data           4  ll.o(.data)
    LL_conn_pi                               0x2000036c   Data           4  ll.o(.data)
    mblk_LL_conn_Para                        0x20000370   Data           4  ll.o(.data)
    LL_Slv_Win_Width                         0x20000374   Data           4  ll.o(.data)
    LL_Slv_Win_Width_Base                    0x20000378   Data           4  ll.o(.data)
    seedR16                                  0x2000037c   Data           4  ll.o(.data)
    LL_Ref_Acs_Addr_ADVSCN                   0x20000380   Data           4  ll.o(.data)
    LL_Ref_crc_ini_ADVSCN                    0x20000384   Data           4  ll.o(.data)
    Ch_ADV_Ch_Hop_Table                      0x20000388   Data           4  ll.o(.data)
    Ch_ADV_Ch_Hop_TableBuf                   0x2000038c   Data           4  ll.o(.data)
    LL_Ref_ChMap                             0x20000390   Data           5  ll.o(.data)
    BD_Rand_Addr                             0x20000395   Data           6  ll.o(.data)
    BD_Rand_AddrBuf                          0x2000039b   Data           6  ll.o(.data)
    LL_ConnDataQ                             0x200003a4   Data           8  ll.o(.data)
    LL_ConnCtrlQ                             0x200003ac   Data           8  ll.o(.data)
    LL_ConnDataInQ                           0x200003b4   Data           8  ll.o(.data)
    LL_ConnDataInTmp                         0x200003bc   Data           8  ll.o(.data)
    LL_ConnBuffPrcs                          0x200003c4   Data           8  ll.o(.data)
    LL_ConnBuffPrcsR                         0x200003cc   Data           8  ll.o(.data)
    Tmr37                                    0x200003d8   Data           8  ll.o(.data)
    LL_Length_Prefer                         0x200003e0   Data           8  ll.o(.data)
    MsgQueueEC                               0x200003e8   Data           8  ll.o(.data)
    RfVolt_new                               0x200003f0   Data           1  rf_phy.o(.data)
    Content_ioInt                            0x200003f1   Data           1  rf_phy.o(.data)
    Content_ioInt_exceptTmr                  0x200003f2   Data           1  rf_phy.o(.data)
    rssiOffsetValue                          0x200003f3   Data           1  rf_phy.o(.data)
    g16MHzClkOut                             0x200003f4   Data           1  rf_phy.o(.data)
    rf_initial_flag                          0x200003f5   Data           1  rf_phy.o(.data)
    gSleep                                   0x200003f6   Data           1  rf_phy.o(.data)
    LL_Tmr_Ticks_RSV_Wakeup                  0x200003f7   Data           1  rf_phy.o(.data)
    rssi_read_data                           0x200003f8   Data           3  rf_phy.o(.data)
    Timeline24                               0x200003fc   Data           4  rf_phy.o(.data)
    Tmr16Interval                            0x20000400   Data           4  rf_phy.o(.data)
    addr_TxFIFO                              0x20000404   Data           4  rf_phy.o(.data)
    Phy_pll_bank                             0x20000408   Data           5  rf_phy.o(.data)
    init_txpower_8dbm_reg                    0x20000418   Data           5  rf_phy.o(.data)
    Event_Mask2                              0x20000420   Data           1  hci.o(.data)
    LE_Event_Mask                            0x20000421   Data           3  hci.o(.data)
    mhcCallBack                              0x20000424   Data           4  hci.o(.data)
    Event_Mask                               0x20000428   Data           5  hci.o(.data)
    ATT_INDICATION_Packet_Sent               0x2000042d   Data           1  mmi.o(.data)
    ATT_WRITE_REQUEST_Packet_Sent            0x2000042e   Data           1  mmi.o(.data)
    r_AES_INI                                0x2000042f   Data          16  rffunction.o(.data)
    RSP_PAIRING_REQUEST                      0x2000043f   Data          11  rffunction.o(.data)
    LTK_FIXED                                0x2000044a   Data          16  rffunction.o(.data)
    EDIV_FIXED                               0x2000045a   Data           2  rffunction.o(.data)
    RAND_FIXED                               0x2000045c   Data           8  rffunction.o(.data)
    IRK_FIXED                                0x20000464   Data          16  rffunction.o(.data)
    CSRK_FIXED                               0x20000474   Data          16  rffunction.o(.data)
    SEL_STK_GEN_MTHD                         0x20000484   Data          25  rffunction.o(.data)
    aTT_MTU                                  0x2000049d   Data           1  rffunction.o(.data)
    smp_Authorization                        0x2000049e   Data           1  rffunction.o(.data)
    smp_Encryption                           0x2000049f   Data           1  rffunction.o(.data)
    smp_Security_Mode                        0x200004a0   Data           1  rffunction.o(.data)
    smp_PReq_IO_Capab                        0x200004a1   Data           1  rffunction.o(.data)
    smp_PReq_OOB_data                        0x200004a2   Data           1  rffunction.o(.data)
    smp_PReq_Init_Key_Distr                  0x200004a3   Data           1  rffunction.o(.data)
    smp_PReq_Resp_Key_Distr                  0x200004a4   Data           1  rffunction.o(.data)
    smp_Local_Addr                           0x200004a5   Data           8  rffunction.o(.data)
    smp_Phase                                0x200004ad   Data           1  rffunction.o(.data)
    smp_TempDef                              0x200004ae   Data           1  rffunction.o(.data)
    smp_Rand                                 0x200004af   Data           8  rffunction.o(.data)
    smp_EDIV                                 0x200004b7   Data           2  rffunction.o(.data)
    smp_Local_Addr_advTemp                   0x200004b9   Data           8  rffunction.o(.data)
    __stdout                                 0x200004c4   Data           4  stdout.o(.data)
    MsgBlk                                   0x200004c8   Data        2340  porting_misc.o(.bss)
    MsgQueue                                 0x20000dec   Data          40  kernel.o(.bss)
    LL_Adv_Para                              0x20000e14   Data          96  ll.o(.bss)
    LL_Adv_Para_UpdBuf                       0x20000e74   Data          96  ll.o(.bss)
    LL_Scan_Para                             0x20000ed4   Data          16  ll.o(.bss)
    LL_Scan_Para_UpdBuf                      0x20000ee4   Data          16  ll.o(.bss)
    LL_Conn_Para                             0x20000ef4   Data         140  ll.o(.bss)
    LL_Init_Para                             0x20000f80   Data          32  ll.o(.bss)
    LL_WhiteList_Para                        0x20000fa0   Data          28  ll.o(.bss)
    LL_Para_Interval                         0x20000fbc   Data          36  ll.o(.bss)
    LL_Para_IntervalR                        0x20000fe0   Data         259  ll.o(.bss)
    TmrBlk_LL                                0x200010e4   Data          32  ll.o(.bss)
    ram_Tab                                  0x20001104   Data          48  ll.o(.bss)
    RFIP_reg_MEM                             0x20001134   Data          13  rf_phy.o(.bss)
    CH_PLL_bank_Table                        0x20001141   Data          40  rf_phy.o(.bss)
    L2CAP_Buf                                0x20001169   Data         253  l2cap.o(.bss)
    SPIBuffer                                0x20001268   Data         251  rffunction.o(.bss)
    q_att_HDL_PreWr                          0x20001363   Data          48  rffunction.o(.bss)
    CmdTimer                                 0x20001394   Data          36  rffunction.o(.bss)
    k_AES_passkey                            0x200013b8   Data          16  rffunction.o(.bss)
    smp_Para_Bond                            0x200013c8   Data          37  rffunction.o(.bss)
    rsp_pairing_request_table                0x200013ed   Data          11  rffunction.o(.bss)
    smp_Temp16                               0x200013f8   Data          16  rffunction.o(.bss)
    smp_IRKm                                 0x20001408   Data          16  rffunction.o(.bss)
    smp_CSRKm                                0x20001418   Data          16  rffunction.o(.bss)
    r_AES                                    0x20001428   Data          16  rffunction.o(.bss)
    LTK                                      0x20001438   Data          16  rffunction.o(.bss)
    LTK_SEED                                 0x20001448   Data          10  rffunction.o(.bss)
    SECBuffer                                0x20001452   Data          42  rffunction.o(.bss)
    __initial_sp                             0x20001880   Data           0  startup_mm32f032xx_s_keil.o(STACK)



==============================================================================

Memory Map of the image

  Image Entry point : 0x080000c1

  Load Region LR_IROM1 (Base: 0x08000000, Size: 0x0000a9d4, Max: 0x00010000, ABSOLUTE, COMPRESSED[0x0000a790])

    Execution Region ER_IROM1 (Exec base: 0x08000000, Load base: 0x08000000, Size: 0x0000a50c, Max: 0x00010000, ABSOLUTE)

    Exec Addr    Load Addr    Size         Type   Attr      Idx    E Section Name        Object

    0x08000000   0x08000000   0x000000c0   Data   RO           68    RESET               startup_mm32f032xx_s_keil.o
    0x080000c0   0x080000c0   0x00000000   Code   RO         6513  * .ARM.Collect$$$$00000000  mc_p.l(entry.o)
    0x080000c0   0x080000c0   0x00000004   Code   RO         6785    .ARM.Collect$$$$00000001  mc_p.l(entry2.o)
    0x080000c4   0x080000c4   0x00000004   Code   RO         6788    .ARM.Collect$$$$00000004  mc_p.l(entry5.o)
    0x080000c8   0x080000c8   0x00000000   Code   RO         6790    .ARM.Collect$$$$00000008  mc_p.l(entry7b.o)
    0x080000c8   0x080000c8   0x00000000   Code   RO         6792    .ARM.Collect$$$$0000000A  mc_p.l(entry8b.o)
    0x080000c8   0x080000c8   0x00000008   Code   RO         6793    .ARM.Collect$$$$0000000B  mc_p.l(entry9a.o)
    0x080000d0   0x080000d0   0x00000004   Code   RO         6800    .ARM.Collect$$$$0000000E  mc_p.l(entry12b.o)
    0x080000d4   0x080000d4   0x00000000   Code   RO         6795    .ARM.Collect$$$$0000000F  mc_p.l(entry10a.o)
    0x080000d4   0x080000d4   0x00000000   Code   RO         6797    .ARM.Collect$$$$00000011  mc_p.l(entry11a.o)
    0x080000d4   0x080000d4   0x00000004   Code   RO         6786    .ARM.Collect$$$$00002712  mc_p.l(entry2.o)
    0x080000d8   0x080000d8   0x00000006   Code   RO          579    .emb_text           porting_lltimer.o
    0x080000de   0x080000de   0x00000002   PAD
    0x080000e0   0x080000e0   0x00000058   Code   RO           69    .text               startup_mm32f032xx_s_keil.o
    0x08000138   0x08000138   0x0000002c   Code   RO         6516    .text               mc_p.l(uidiv.o)
    0x08000164   0x08000164   0x00000028   Code   RO         6518    .text               mc_p.l(idiv.o)
    0x0800018c   0x0800018c   0x00000060   Code   RO         6802    .text               mc_p.l(uldiv.o)
    0x080001ec   0x080001ec   0x00000024   Code   RO         6815    .text               mc_p.l(init.o)
    0x08000210   0x08000210   0x00000020   Code   RO         6817    .text               mc_p.l(llshl.o)
    0x08000230   0x08000230   0x00000022   Code   RO         6819    .text               mc_p.l(llushr.o)
    0x08000252   0x08000252   0x00000056   Code   RO         6834    .text               mc_p.l(__dczerorl2.o)
    0x080002a8   0x080002a8   0x00000084   Code   RO         4345    i.ATT_HDL_Notify    Rafael_BLE_MM32F032xx_s.lib(host.o)
    0x0800032c   0x0800032c   0x00000002   Code   RO         3462    i.ATT_HDL_Rd_NULL   profile_tab.o
    0x0800032e   0x0800032e   0x00000002   Code   RO         3463    i.ATT_HDL_Wr_NULL   profile_tab.o
    0x08000330   0x08000330   0x0000005c   Code   RO          700    i.BSP_SPI_BLE_Init  porting_spi.o
    0x0800038c   0x0800038c   0x0000001c   Code   RO          255    i.BleApp_Init       user.o
    0x080003a8   0x080003a8   0x00000114   Code   RO          256    i.BleApp_Main       user.o
    0x080004bc   0x080004bc   0x00000144   Code   RO          257    i.BleEvent_Callback  user.o
    0x08000600   0x08000600   0x0000000c   Code   RO         3975    i.BleEvent_PostEvent  Rafael_BLE_MM32F032xx_s.lib(ble_event.o)
    0x0800060c   0x0800060c   0x0000000c   Code   RO         5692    i.BleMHC_PostEvent  Rafael_BLE_MM32F032xx_s.lib(hci.o)
    0x08000618   0x08000618   0x0000000c   Code   RO         5261    i.BleTxFIFOAddr_Get  Rafael_BLE_MM32F032xx_s.lib(rf_phy.o)
    0x08000624   0x08000624   0x00000014   Code   RO         4432    i.Ble_EC_Chk_Isr    Rafael_BLE_MM32F032xx_s.lib(ll.o)
    0x08000638   0x08000638   0x000000c0   Code   RO         4011    i.Ble_Kernel_Root   Rafael_BLE_MM32F032xx_s.lib(kernel.o)
    0x080006f8   0x080006f8   0x00000044   Code   RO         5262    i.Ble_SW_Init       Rafael_BLE_MM32F032xx_s.lib(rf_phy.o)
    0x0800073c   0x0800073c   0x0000001e   Code   RO          260    i.Ble_Slave_AdvInit  user.o
    0x0800075a   0x0800075a   0x00000002   PAD
    0x0800075c   0x0800075c   0x00000024   Code   RO          261    i.Ble_Slave_StartADV  user.o
    0x08000780   0x08000780   0x0000003c   Code   RO         4015    i.CheckMsgBlk_L2_wSizeUsed_Isr  Rafael_BLE_MM32F032xx_s.lib(kernel.o)
    0x080007bc   0x080007bc   0x00000020   Code   RO         4016    i.CheckMsgQueue     Rafael_BLE_MM32F032xx_s.lib(kernel.o)
    0x080007dc   0x080007dc   0x00000014   Code   RO         5918    i.CheckValid_L2CAP_Buf  Rafael_BLE_MM32F032xx_s.lib(l2cap.o)
    0x080007f0   0x080007f0   0x0000000c   Code   RO         5263    i.ChipId_Get        Rafael_BLE_MM32F032xx_s.lib(rf_phy.o)
    0x080007fc   0x080007fc   0x00000034   Code   RO          406    i.DMA1_Channel2_3_IRQHandler  spi.o
    0x08000830   0x08000830   0x00000038   Code   RO          407    i.DMA1_Channel4_5_IRQHandler  spi.o
    0x08000868   0x08000868   0x0000000c   Code   RO         1153    i.DMA_ClearITPendingBit  hal_dma.o
    0x08000874   0x08000874   0x0000000c   Code   RO         1154    i.DMA_Cmd           hal_dma.o
    0x08000880   0x08000880   0x00000030   Code   RO         1155    i.DMA_DeInit        hal_dma.o
    0x080008b0   0x080008b0   0x00000014   Code   RO         1158    i.DMA_GetITStatus   hal_dma.o
    0x080008c4   0x080008c4   0x00000010   Code   RO         1159    i.DMA_ITConfig      hal_dma.o
    0x080008d4   0x080008d4   0x0000004c   Code   RO         1160    i.DMA_Init          hal_dma.o
    0x08000920   0x08000920   0x0000001c   Code   RO         1161    i.DMA_StructInit    hal_dma.o
    0x0800093c   0x0800093c   0x000000f0   Code   RO         4433    i.ECHC_LE_Ctrl_Pkt  Rafael_BLE_MM32F032xx_s.lib(ll.o)
    0x08000a2c   0x08000a2c   0x00000038   Code   RO         4434    i.EC_Root_Isr       Rafael_BLE_MM32F032xx_s.lib(ll.o)
    0x08000a64   0x08000a64   0x00000030   Code   RO          610    i.EXTI4_15_IRQHandler  porting_misc.o
    0x08000a94   0x08000a94   0x0000000c   Code   RO         1254    i.EXTI_ClearITPendingBit  hal_exti.o
    0x08000aa0   0x08000aa0   0x0000001c   Code   RO         1259    i.EXTI_GetITStatus  hal_exti.o
    0x08000abc   0x08000abc   0x00000058   Code   RO         1260    i.EXTI_Init         hal_exti.o
    0x08000b14   0x08000b14   0x00000028   Code   RO         1261    i.EXTI_LineConfig   hal_exti.o
    0x08000b3c   0x08000b3c   0x0000000c   Code   RO         4026    i.ErrorEntry        Rafael_BLE_MM32F032xx_s.lib(kernel.o)
    0x08000b48   0x08000b48   0x00000024   Code   RO         4027    i.FreeMsgBlk        Rafael_BLE_MM32F032xx_s.lib(kernel.o)
    0x08000b6c   0x08000b6c   0x0000001c   Code   RO         4028    i.FreeMsgBlk_Isr    Rafael_BLE_MM32F032xx_s.lib(kernel.o)
    0x08000b88   0x08000b88   0x00000034   Code   RO         4029    i.FreeMsgBlks       Rafael_BLE_MM32F032xx_s.lib(kernel.o)
    0x08000bbc   0x08000bbc   0x00000028   Code   RO         4030    i.FreeMsgBlks_Isr   Rafael_BLE_MM32F032xx_s.lib(kernel.o)
    0x08000be4   0x08000be4   0x00000086   Code   RO         1545    i.GPIO_Init         hal_gpio.o
    0x08000c6a   0x08000c6a   0x00000020   Code   RO         1546    i.GPIO_PinAFConfig  hal_gpio.o
    0x08000c8a   0x08000c8a   0x0000000a   Code   RO         1550    i.GPIO_ReadInputDataBit  hal_gpio.o
    0x08000c94   0x08000c94   0x00000004   Code   RO         1553    i.GPIO_ResetBits    hal_gpio.o
    0x08000c98   0x08000c98   0x00000004   Code   RO         1554    i.GPIO_SetBits      hal_gpio.o
    0x08000c9c   0x08000c9c   0x00000010   Code   RO         1555    i.GPIO_StructInit   hal_gpio.o
    0x08000cac   0x08000cac   0x0000002c   Code   RO         4031    i.GetMsgBlk         Rafael_BLE_MM32F032xx_s.lib(kernel.o)
    0x08000cd8   0x08000cd8   0x0000002c   Code   RO         4032    i.GetMsgBlk_Isr     Rafael_BLE_MM32F032xx_s.lib(kernel.o)
    0x08000d04   0x08000d04   0x00000060   Code   RO         4033    i.GetMsgBlk_L1_wSize_Isr  Rafael_BLE_MM32F032xx_s.lib(kernel.o)
    0x08000d64   0x08000d64   0x00000060   Code   RO         4034    i.GetMsgBlk_L2_wSize  Rafael_BLE_MM32F032xx_s.lib(kernel.o)
    0x08000dc4   0x08000dc4   0x00000024   Code   RO         5693    i.HCI_Root          Rafael_BLE_MM32F032xx_s.lib(hci.o)
    0x08000de8   0x08000de8   0x00000038   Code   RO         4435    i.HCLL_Disconnect   Rafael_BLE_MM32F032xx_s.lib(ll.o)
    0x08000e20   0x08000e20   0x00000002   Code   RO         4436    i.HCLL_Host_Buffer_Size  Rafael_BLE_MM32F032xx_s.lib(ll.o)
    0x08000e22   0x08000e22   0x00000002   Code   RO         4437    i.HCLL_Host_Num_of_Completed_Packets  Rafael_BLE_MM32F032xx_s.lib(ll.o)
    0x08000e24   0x08000e24   0x00000002   Code   RO         4438    i.HCLL_LE_ACL_Data_Pkt  Rafael_BLE_MM32F032xx_s.lib(ll.o)
    0x08000e26   0x08000e26   0x00000004   Code   RO         4439    i.HCLL_LE_ACL_Data_Pkt_Extend  Rafael_BLE_MM32F032xx_s.lib(ll.o)
    0x08000e2a   0x08000e2a   0x00000002   PAD
    0x08000e2c   0x08000e2c   0x0000008c   Code   RO         4440    i.HCLL_LE_Add_Device_to_White_List  Rafael_BLE_MM32F032xx_s.lib(ll.o)
    0x08000eb8   0x08000eb8   0x00000048   Code   RO         4441    i.HCLL_LE_Clear_White_List  Rafael_BLE_MM32F032xx_s.lib(ll.o)
    0x08000f00   0x08000f00   0x000000d4   Code   RO         4442    i.HCLL_LE_Conn_update  Rafael_BLE_MM32F032xx_s.lib(ll.o)
    0x08000fd4   0x08000fd4   0x00000002   Code   RO         4443    i.HCLL_LE_Create_Conn  Rafael_BLE_MM32F032xx_s.lib(ll.o)
    0x08000fd6   0x08000fd6   0x00000002   Code   RO         4444    i.HCLL_LE_Create_conn_cancel  Rafael_BLE_MM32F032xx_s.lib(ll.o)
    0x08000fd8   0x08000fd8   0x000000c0   Code   RO         4445    i.HCLL_LE_Ctrl_Pkt  Rafael_BLE_MM32F032xx_s.lib(ll.o)
    0x08001098   0x08001098   0x00000024   Code   RO         4446    i.HCLL_LE_Encrypt   Rafael_BLE_MM32F032xx_s.lib(ll.o)
    0x080010bc   0x080010bc   0x00000064   Code   RO         4447    i.HCLL_LE_Long_term_key_req_neg_reply  Rafael_BLE_MM32F032xx_s.lib(ll.o)
    0x08001120   0x08001120   0x00000024   Code   RO         4448    i.HCLL_LE_Long_term_key_req_reply  Rafael_BLE_MM32F032xx_s.lib(ll.o)
    0x08001144   0x08001144   0x00000024   Code   RO         4449    i.HCLL_LE_Rand      Rafael_BLE_MM32F032xx_s.lib(ll.o)
    0x08001168   0x08001168   0x00000004   Code   RO         4450    i.HCLL_LE_Read_Adv_Ch_Tx_Pwr  Rafael_BLE_MM32F032xx_s.lib(ll.o)
    0x0800116c   0x0800116c   0x00000024   Code   RO         4451    i.HCLL_LE_Read_Buffer_Size  Rafael_BLE_MM32F032xx_s.lib(ll.o)
    0x08001190   0x08001190   0x00000048   Code   RO         4452    i.HCLL_LE_Read_Local_Supported_Feat  Rafael_BLE_MM32F032xx_s.lib(ll.o)
    0x080011d8   0x080011d8   0x00000044   Code   RO         4453    i.HCLL_LE_Read_Phy  Rafael_BLE_MM32F032xx_s.lib(ll.o)
    0x0800121c   0x0800121c   0x00000044   Code   RO         4454    i.HCLL_LE_Read_Remote_Used_Feat  Rafael_BLE_MM32F032xx_s.lib(ll.o)
    0x08001260   0x08001260   0x0000001c   Code   RO         4455    i.HCLL_LE_Read_White_List_Size  Rafael_BLE_MM32F032xx_s.lib(ll.o)
    0x0800127c   0x0800127c   0x0000003c   Code   RO         4456    i.HCLL_LE_Read_ch_map  Rafael_BLE_MM32F032xx_s.lib(ll.o)
    0x080012b8   0x080012b8   0x00000002   Code   RO         4457    i.HCLL_LE_Read_supported_states  Rafael_BLE_MM32F032xx_s.lib(ll.o)
    0x080012ba   0x080012ba   0x00000002   Code   RO         4458    i.HCLL_LE_Receiver_test  Rafael_BLE_MM32F032xx_s.lib(ll.o)
    0x080012bc   0x080012bc   0x00000004   Code   RO         4459    i.HCLL_LE_Remote_conn_param_req_neg_reply  Rafael_BLE_MM32F032xx_s.lib(ll.o)
    0x080012c0   0x080012c0   0x00000004   Code   RO         4460    i.HCLL_LE_Remote_conn_param_req_reply  Rafael_BLE_MM32F032xx_s.lib(ll.o)
    0x080012c4   0x080012c4   0x00000070   Code   RO         4461    i.HCLL_LE_Rmv_Device_from_White_List  Rafael_BLE_MM32F032xx_s.lib(ll.o)
    0x08001334   0x08001334   0x00000064   Code   RO         4462    i.HCLL_LE_Set_Adv_Data  Rafael_BLE_MM32F032xx_s.lib(ll.o)
    0x08001398   0x08001398   0x000000a4   Code   RO         4463    i.HCLL_LE_Set_Adv_Param  Rafael_BLE_MM32F032xx_s.lib(ll.o)
    0x0800143c   0x0800143c   0x00000138   Code   RO         4464    i.HCLL_LE_Set_Advertise_Enable  Rafael_BLE_MM32F032xx_s.lib(ll.o)
    0x08001574   0x08001574   0x0000007c   Code   RO         4465    i.HCLL_LE_Set_Data_Length  Rafael_BLE_MM32F032xx_s.lib(ll.o)
    0x080015f0   0x080015f0   0x00000068   Code   RO         4466    i.HCLL_LE_Set_Default_Phy  Rafael_BLE_MM32F032xx_s.lib(ll.o)
    0x08001658   0x08001658   0x0000002c   Code   RO         4467    i.HCLL_LE_Set_Event_Mask  Rafael_BLE_MM32F032xx_s.lib(ll.o)
    0x08001684   0x08001684   0x00000002   Code   RO         4468    i.HCLL_LE_Set_Host_Ch_Classification  Rafael_BLE_MM32F032xx_s.lib(ll.o)
    0x08001686   0x08001686   0x00000002   PAD
    0x08001688   0x08001688   0x000000b0   Code   RO         4469    i.HCLL_LE_Set_Phy   Rafael_BLE_MM32F032xx_s.lib(ll.o)
    0x08001738   0x08001738   0x00000058   Code   RO         4470    i.HCLL_LE_Set_Random_Address  Rafael_BLE_MM32F032xx_s.lib(ll.o)
    0x08001790   0x08001790   0x00000064   Code   RO         4471    i.HCLL_LE_Set_Scan_Response_Data  Rafael_BLE_MM32F032xx_s.lib(ll.o)
    0x080017f4   0x080017f4   0x00000050   Code   RO         4472    i.HCLL_LE_Set_scan_enable  Rafael_BLE_MM32F032xx_s.lib(ll.o)
    0x08001844   0x08001844   0x00000094   Code   RO         4473    i.HCLL_LE_Set_scan_param  Rafael_BLE_MM32F032xx_s.lib(ll.o)
    0x080018d8   0x080018d8   0x00000024   Code   RO         4474    i.HCLL_LE_Start_encryption  Rafael_BLE_MM32F032xx_s.lib(ll.o)
    0x080018fc   0x080018fc   0x00000002   Code   RO         4475    i.HCLL_LE_Test_end  Rafael_BLE_MM32F032xx_s.lib(ll.o)
    0x080018fe   0x080018fe   0x00000002   Code   RO         4476    i.HCLL_LE_Transmitter_test  Rafael_BLE_MM32F032xx_s.lib(ll.o)
    0x08001900   0x08001900   0x00000030   Code   RO         4477    i.HCLL_Read_BD_Addr  Rafael_BLE_MM32F032xx_s.lib(ll.o)
    0x08001930   0x08001930   0x00000002   Code   RO         4478    i.HCLL_Read_Le_Host_Support  Rafael_BLE_MM32F032xx_s.lib(ll.o)
    0x08001932   0x08001932   0x00000002   PAD
    0x08001934   0x08001934   0x00000054   Code   RO         4479    i.HCLL_Read_Local_Supported_Cmd  Rafael_BLE_MM32F032xx_s.lib(ll.o)
    0x08001988   0x08001988   0x00000030   Code   RO         4480    i.HCLL_Read_Local_Supported_Feat  Rafael_BLE_MM32F032xx_s.lib(ll.o)
    0x080019b8   0x080019b8   0x00000030   Code   RO         4481    i.HCLL_Read_Local_Ver_Info  Rafael_BLE_MM32F032xx_s.lib(ll.o)
    0x080019e8   0x080019e8   0x00000030   Code   RO         4482    i.HCLL_Read_Remote_Ver_Info  Rafael_BLE_MM32F032xx_s.lib(ll.o)
    0x08001a18   0x08001a18   0x00000002   Code   RO         4483    i.HCLL_Read_Transmit_Pwr_Level  Rafael_BLE_MM32F032xx_s.lib(ll.o)
    0x08001a1a   0x08001a1a   0x00000002   Code   RO         4484    i.HCLL_Read_authen_payload_timeout  Rafael_BLE_MM32F032xx_s.lib(ll.o)
    0x08001a1c   0x08001a1c   0x00000002   Code   RO         4485    i.HCLL_Read_buffer_size  Rafael_BLE_MM32F032xx_s.lib(ll.o)
    0x08001a1e   0x08001a1e   0x00000002   PAD
    0x08001a20   0x08001a20   0x00000034   Code   RO         4486    i.HCLL_Read_rssi    Rafael_BLE_MM32F032xx_s.lib(ll.o)
    0x08001a54   0x08001a54   0x0000001a   Code   RO         4487    i.HCLL_Reset        Rafael_BLE_MM32F032xx_s.lib(ll.o)
    0x08001a6e   0x08001a6e   0x00000002   Code   RO         4488    i.HCLL_Set_Ctrler_to_Host_Flow_Ctrl  Rafael_BLE_MM32F032xx_s.lib(ll.o)
    0x08001a70   0x08001a70   0x0000003c   Code   RO         4489    i.HCLL_Set_Event_Mask  Rafael_BLE_MM32F032xx_s.lib(ll.o)
    0x08001aac   0x08001aac   0x00000024   Code   RO         4490    i.HCLL_Set_Event_Mask_Page_2  Rafael_BLE_MM32F032xx_s.lib(ll.o)
    0x08001ad0   0x08001ad0   0x00000002   Code   RO         4491    i.HCLL_Write_Le_Host_Support  Rafael_BLE_MM32F032xx_s.lib(ll.o)
    0x08001ad2   0x08001ad2   0x00000002   Code   RO         4492    i.HCLL_Write_authen_payload_timeout  Rafael_BLE_MM32F032xx_s.lib(ll.o)
    0x08001ad4   0x08001ad4   0x00000018   Code   RO         4349    i.HSPF_Att_Read     Rafael_BLE_MM32F032xx_s.lib(host.o)
    0x08001aec   0x08001aec   0x0000001c   Code   RO         4350    i.HSPF_Att_Write    Rafael_BLE_MM32F032xx_s.lib(host.o)
    0x08001b08   0x08001b08   0x00000024   Code   RO         4351    i.Host_Root         Rafael_BLE_MM32F032xx_s.lib(host.o)
    0x08001b2c   0x08001b2c   0x0000005c   Code   RO         4037    i.KernelInit        Rafael_BLE_MM32F032xx_s.lib(kernel.o)
    0x08001b88   0x08001b88   0x00000020   Code   RO         4038    i.Knl_CodeComp      Rafael_BLE_MM32F032xx_s.lib(kernel.o)
    0x08001ba8   0x08001ba8   0x00000012   Code   RO         4040    i.Knl_CodeCpy       Rafael_BLE_MM32F032xx_s.lib(kernel.o)
    0x08001bba   0x08001bba   0x0000001c   Code   RO         4042    i.Knl_CodeCpyInv_Isr  Rafael_BLE_MM32F032xx_s.lib(kernel.o)
    0x08001bd6   0x08001bd6   0x00000012   Code   RO         4043    i.Knl_CodeCpy_Isr   Rafael_BLE_MM32F032xx_s.lib(kernel.o)
    0x08001be8   0x08001be8   0x00000020   Code   RO         4044    i.Knl_MemComp       Rafael_BLE_MM32F032xx_s.lib(kernel.o)
    0x08001c08   0x08001c08   0x00000020   Code   RO         4045    i.Knl_MemComp_Isr   Rafael_BLE_MM32F032xx_s.lib(kernel.o)
    0x08001c28   0x08001c28   0x00000012   Code   RO         4046    i.Knl_MemCpy        Rafael_BLE_MM32F032xx_s.lib(kernel.o)
    0x08001c3a   0x08001c3a   0x0000001c   Code   RO         4047    i.Knl_MemCpyInv     Rafael_BLE_MM32F032xx_s.lib(kernel.o)
    0x08001c56   0x08001c56   0x0000001c   Code   RO         4048    i.Knl_MemCpyInv_Isr  Rafael_BLE_MM32F032xx_s.lib(kernel.o)
    0x08001c72   0x08001c72   0x00000018   Code   RO         4049    i.Knl_MemCpy_Fwd    Rafael_BLE_MM32F032xx_s.lib(kernel.o)
    0x08001c8a   0x08001c8a   0x00000012   Code   RO         4050    i.Knl_MemCpy_Isr    Rafael_BLE_MM32F032xx_s.lib(kernel.o)
    0x08001c9c   0x08001c9c   0x00000024   Code   RO         5919    i.L2CAP_Root        Rafael_BLE_MM32F032xx_s.lib(l2cap.o)
    0x08001cc0   0x08001cc0   0x000001cc   Code   RO         4493    i.LLEC_LE_CCM_Manual  Rafael_BLE_MM32F032xx_s.lib(ll.o)
    0x08001e8c   0x08001e8c   0x00000030   Code   RO         4494    i.LLEC_LE_Encrypt   Rafael_BLE_MM32F032xx_s.lib(ll.o)
    0x08001ebc   0x08001ebc   0x00000064   Code   RO         4495    i.LLEC_LE_Long_term_key_req_reply  Rafael_BLE_MM32F032xx_s.lib(ll.o)
    0x08001f20   0x08001f20   0x0000004c   Code   RO         4496    i.LLEC_LE_Rand      Rafael_BLE_MM32F032xx_s.lib(ll.o)
    0x08001f6c   0x08001f6c   0x0000008c   Code   RO         4497    i.LLEC_LE_Start_encryption  Rafael_BLE_MM32F032xx_s.lib(ll.o)
    0x08001ff8   0x08001ff8   0x0000001a   Code   RO         4498    i.LLHC_ERR_CODE_Invalid_Lmp_Parameters  Rafael_BLE_MM32F032xx_s.lib(ll.o)
    0x08002012   0x08002012   0x0000001a   Code   RO         4499    i.LLHC_ERR_CODE_Unknown_Hci_Command  Rafael_BLE_MM32F032xx_s.lib(ll.o)
    0x0800202c   0x0800202c   0x000003f8   Code   RO         4500    i.LLHC_LE_Ctrl_Pkt  Rafael_BLE_MM32F032xx_s.lib(ll.o)
    0x08002424   0x08002424   0x0000006c   Code   RO         4501    i.LLHeaderRdy_Isr   Rafael_BLE_MM32F032xx_s.lib(ll.o)
    0x08002490   0x08002490   0x0000000c   Code   RO         5264    i.LLTimeline_Get    Rafael_BLE_MM32F032xx_s.lib(rf_phy.o)
    0x0800249c   0x0800249c   0x00000118   Code   RO         4502    i.LLTimerFIFOGetSend_Isr  Rafael_BLE_MM32F032xx_s.lib(ll.o)
    0x080025b4   0x080025b4   0x00000fec   Code   RO         4503    i.LLTimer_Isr       Rafael_BLE_MM32F032xx_s.lib(ll.o)
    0x080035a0   0x080035a0   0x00000044   Code   RO         4504    i.LLTimer_TmrRefUpd_Isr  Rafael_BLE_MM32F032xx_s.lib(ll.o)
    0x080035e4   0x080035e4   0x00000298   Code   RO         4505    i.LLWTRFIFOGet_Isr  Rafael_BLE_MM32F032xx_s.lib(ll.o)
    0x0800387c   0x0800387c   0x00000024   Code   RO         4506    i.LLWTR_Buffer_nAck_Isr  Rafael_BLE_MM32F032xx_s.lib(ll.o)
    0x080038a0   0x080038a0   0x0000006c   Code   RO         4507    i.LLWTR_Buffer_wAck_Isr  Rafael_BLE_MM32F032xx_s.lib(ll.o)
    0x0800390c   0x0800390c   0x00000900   Code   RO         4508    i.LLWTR_Isr         Rafael_BLE_MM32F032xx_s.lib(ll.o)
    0x0800420c   0x0800420c   0x00000058   Code   RO         4509    i.LLWTR_MDset       Rafael_BLE_MM32F032xx_s.lib(ll.o)
    0x08004264   0x08004264   0x00000418   Code   RO         4510    i.LLWTR_Rx2Hc       Rafael_BLE_MM32F032xx_s.lib(ll.o)
    0x0800467c   0x0800467c   0x00000016   Code   RO         4511    i.LLWTR_TxEndRpt    Rafael_BLE_MM32F032xx_s.lib(ll.o)
    0x08004692   0x08004692   0x00000002   PAD
    0x08004694   0x08004694   0x00000310   Code   RO         4512    i.LL_Buffer_To_FIFO_Isr  Rafael_BLE_MM32F032xx_s.lib(ll.o)
    0x080049a4   0x080049a4   0x00000018   Code   RO         4513    i.LL_CheckConnExist  Rafael_BLE_MM32F032xx_s.lib(ll.o)
    0x080049bc   0x080049bc   0x00000098   Code   RO         4514    i.LL_Data2ConnTxFIFO  Rafael_BLE_MM32F032xx_s.lib(ll.o)
    0x08004a54   0x08004a54   0x0000007c   Code   RO         4515    i.LL_Data2ConnTxFIFO_smp  Rafael_BLE_MM32F032xx_s.lib(ll.o)
    0x08004ad0   0x08004ad0   0x00000054   Code   RO         4516    i.LL_Data2ConnTxFIFO_smp_Isr  Rafael_BLE_MM32F032xx_s.lib(ll.o)
    0x08004b24   0x08004b24   0x00000078   Code   RO         4517    i.LL_EventCounter_Map_Upd  Rafael_BLE_MM32F032xx_s.lib(ll.o)
    0x08004b9c   0x08004b9c   0x000000d8   Code   RO         4518    i.LL_GPIO_Isr       Rafael_BLE_MM32F032xx_s.lib(ll.o)
    0x08004c74   0x08004c74   0x0000001c   Code   RO         4519    i.LL_GetSlaveFreeConnID  Rafael_BLE_MM32F032xx_s.lib(ll.o)
    0x08004c90   0x08004c90   0x00000020   Code   RO         4520    i.LL_MsgBlk_LL_conn_Para_Rls  Rafael_BLE_MM32F032xx_s.lib(ll.o)
    0x08004cb0   0x08004cb0   0x00000038   Code   RO         4521    i.LL_Msg_CTRL_PKT   Rafael_BLE_MM32F032xx_s.lib(ll.o)
    0x08004ce8   0x08004ce8   0x00000038   Code   RO         4522    i.LL_Msg_CTRL_PKT_Isr  Rafael_BLE_MM32F032xx_s.lib(ll.o)
    0x08004d20   0x08004d20   0x0000001a   Code   RO         4523    i.LL_Msg_Event_Disconn_Complete  Rafael_BLE_MM32F032xx_s.lib(ll.o)
    0x08004d3a   0x08004d3a   0x0000001e   Code   RO         4524    i.LL_Msg_Event_Encrypt_Change  Rafael_BLE_MM32F032xx_s.lib(ll.o)
    0x08004d58   0x08004d58   0x0000001e   Code   RO         4525    i.LL_Msg_Event_Le_Data_Length_Change  Rafael_BLE_MM32F032xx_s.lib(ll.o)
    0x08004d76   0x08004d76   0x00000020   Code   RO         4526    i.LL_Msg_Event_Le_PHY_Update_Complete  Rafael_BLE_MM32F032xx_s.lib(ll.o)
    0x08004d96   0x08004d96   0x0000001a   Code   RO         4527    i.LL_Msg_Event_Status  Rafael_BLE_MM32F032xx_s.lib(ll.o)
    0x08004db0   0x08004db0   0x00000016   Code   RO         4528    i.LL_Msg_Map_Upd    Rafael_BLE_MM32F032xx_s.lib(ll.o)
    0x08004dc6   0x08004dc6   0x00000002   PAD
    0x08004dc8   0x08004dc8   0x00000018   Code   RO         4529    i.LL_NextConnCh     Rafael_BLE_MM32F032xx_s.lib(ll.o)
    0x08004de0   0x08004de0   0x000000a8   Code   RO         4530    i.LL_Queue_To_Buffer_Isr  Rafael_BLE_MM32F032xx_s.lib(ll.o)
    0x08004e88   0x08004e88   0x000000e0   Code   RO         4531    i.LL_ReleaseConnID  Rafael_BLE_MM32F032xx_s.lib(ll.o)
    0x08004f68   0x08004f68   0x000000f4   Code   RO         4532    i.LL_ReleaseConnID_Isr  Rafael_BLE_MM32F032xx_s.lib(ll.o)
    0x0800505c   0x0800505c   0x00000054   Code   RO         4533    i.LL_RfChRemap      Rafael_BLE_MM32F032xx_s.lib(ll.o)
    0x080050b0   0x080050b0   0x00000024   Code   RO         4534    i.LL_Root           Rafael_BLE_MM32F032xx_s.lib(ll.o)
    0x080050d4   0x080050d4   0x00000054   Code   RO         4535    i.LL_RxEnter_Isr    Rafael_BLE_MM32F032xx_s.lib(ll.o)
    0x08005128   0x08005128   0x0000001c   Code   RO         4537    i.LL_Slv_Win_Width_Incr  Rafael_BLE_MM32F032xx_s.lib(ll.o)
    0x08005144   0x08005144   0x00000024   Code   RO         4538    i.LL_Slv_Win_Width_Reset  Rafael_BLE_MM32F032xx_s.lib(ll.o)
    0x08005168   0x08005168   0x00000030   Code   RO         4539    i.LL_SvPrToutAccu_Incr  Rafael_BLE_MM32F032xx_s.lib(ll.o)
    0x08005198   0x08005198   0x0000002c   Code   RO         4540    i.LL_TmrBlk_Pt_PairRst  Rafael_BLE_MM32F032xx_s.lib(ll.o)
    0x080051c4   0x080051c4   0x0000003c   Code   RO         4541    i.LL_TmrBlk_Rls     Rafael_BLE_MM32F032xx_s.lib(ll.o)
    0x08005200   0x08005200   0x00000024   Code   RO         4542    i.LL_TmrBlk_Rls_NxtIntvl  Rafael_BLE_MM32F032xx_s.lib(ll.o)
    0x08005224   0x08005224   0x0000004c   Code   RO         4543    i.LL_TmrBlk_Rls_Pair  Rafael_BLE_MM32F032xx_s.lib(ll.o)
    0x08005270   0x08005270   0x00000080   Code   RO         4544    i.LL_Tmr_FIFO_ADVrpt  Rafael_BLE_MM32F032xx_s.lib(ll.o)
    0x080052f0   0x080052f0   0x00000058   Code   RO         4545    i.LL_TxEnter_Isr    Rafael_BLE_MM32F032xx_s.lib(ll.o)
    0x08005348   0x08005348   0x00000044   Code   RO         4546    i.LL_smp_SKD_IV_genIn  Rafael_BLE_MM32F032xx_s.lib(ll.o)
    0x0800538c   0x0800538c   0x0000003a   Code   RO          611    i.MCU_GpioIntDisable  porting_misc.o
    0x080053c6   0x080053c6   0x0000003e   Code   RO          612    i.MCU_GpioIntEnable  porting_misc.o
    0x08005404   0x08005404   0x0000002c   Code   RO          613    i.MCU_GpioPinInit   porting_misc.o
    0x08005430   0x08005430   0x00000004   Code   RO         4547    i.MEC_HCI_Null      Rafael_BLE_MM32F032xx_s.lib(ll.o)
    0x08005434   0x08005434   0x0000021c   Code   RO         3976    i.MHC_Callback      Rafael_BLE_MM32F032xx_s.lib(ble_event.o)
    0x08005650   0x08005650   0x00000002   Code   RO         5694    i.MHC_Event_Authen_Payload_Timeout_Expired  Rafael_BLE_MM32F032xx_s.lib(hci.o)
    0x08005652   0x08005652   0x00000002   PAD
    0x08005654   0x08005654   0x00000098   Code   RO         5695    i.MHC_Event_Cmd_Complete  Rafael_BLE_MM32F032xx_s.lib(hci.o)
    0x080056ec   0x080056ec   0x00000014   Code   RO         5696    i.MHC_Event_Cmd_Status  Rafael_BLE_MM32F032xx_s.lib(hci.o)
    0x08005700   0x08005700   0x00000002   Code   RO         5697    i.MHC_Event_Data_Buffer_Overflow  Rafael_BLE_MM32F032xx_s.lib(hci.o)
    0x08005702   0x08005702   0x00000002   PAD
    0x08005704   0x08005704   0x00000024   Code   RO         5698    i.MHC_Event_Disconn_Complete  Rafael_BLE_MM32F032xx_s.lib(hci.o)
    0x08005728   0x08005728   0x000000f8   Code   RO         5699    i.MHC_Event_Encrypt_Change  Rafael_BLE_MM32F032xx_s.lib(hci.o)
    0x08005820   0x08005820   0x00000058   Code   RO         5700    i.MHC_Event_Encrypt_Key_Refresh_Complete  Rafael_BLE_MM32F032xx_s.lib(hci.o)
    0x08005878   0x08005878   0x00000004   Code   RO         5701    i.MHC_Event_HCI_Raw  Rafael_BLE_MM32F032xx_s.lib(hci.o)
    0x0800587c   0x0800587c   0x00000002   Code   RO         5702    i.MHC_Event_Hardware_Error  Rafael_BLE_MM32F032xx_s.lib(hci.o)
    0x0800587e   0x0800587e   0x00000002   PAD
    0x08005880   0x08005880   0x00000028   Code   RO         5703    i.MHC_Event_Le_Adv_Report  Rafael_BLE_MM32F032xx_s.lib(hci.o)
    0x080058a8   0x080058a8   0x0000007c   Code   RO         5704    i.MHC_Event_Le_Conn_Complete  Rafael_BLE_MM32F032xx_s.lib(hci.o)
    0x08005924   0x08005924   0x0000002c   Code   RO         5705    i.MHC_Event_Le_Conn_Update_Complete  Rafael_BLE_MM32F032xx_s.lib(hci.o)
    0x08005950   0x08005950   0x00000028   Code   RO         5706    i.MHC_Event_Le_Data_Length_Change  Rafael_BLE_MM32F032xx_s.lib(hci.o)
    0x08005978   0x08005978   0x000000e8   Code   RO         5707    i.MHC_Event_Le_Long_Term_Key_Req  Rafael_BLE_MM32F032xx_s.lib(hci.o)
    0x08005a60   0x08005a60   0x00000028   Code   RO         5708    i.MHC_Event_Le_PHY_Update_Complete  Rafael_BLE_MM32F032xx_s.lib(hci.o)
    0x08005a88   0x08005a88   0x0000001c   Code   RO         5709    i.MHC_Event_Le_Read_Remote_Used_Features_Complete  Rafael_BLE_MM32F032xx_s.lib(hci.o)
    0x08005aa4   0x08005aa4   0x0000000c   Code   RO         5710    i.MHC_Event_Le_Remote_Conn_param_Req_Event  Rafael_BLE_MM32F032xx_s.lib(hci.o)
    0x08005ab0   0x08005ab0   0x0000000e   Code   RO         5711    i.MHC_Event_Le_Wait_Passkey_Confrim  Rafael_BLE_MM32F032xx_s.lib(hci.o)
    0x08005abe   0x08005abe   0x00000002   Code   RO         5712    i.MHC_Event_Null    Rafael_BLE_MM32F032xx_s.lib(hci.o)
    0x08005ac0   0x08005ac0   0x00000004   Code   RO         5713    i.MHC_Event_Num_Of_Completed_Pckts  Rafael_BLE_MM32F032xx_s.lib(hci.o)
    0x08005ac4   0x08005ac4   0x00000010   Code   RO         5714    i.MHC_Event_Read_Remote_Ver_Info_Complete  Rafael_BLE_MM32F032xx_s.lib(hci.o)
    0x08005ad4   0x08005ad4   0x0000000e   Code   RO         5715    i.MHC_Event_STK_Gen_Method  Rafael_BLE_MM32F032xx_s.lib(hci.o)
    0x08005ae2   0x08005ae2   0x0000000e   Code   RO         5716    i.MHC_Evnet_Auth_Status  Rafael_BLE_MM32F032xx_s.lib(hci.o)
    0x08005af0   0x08005af0   0x00000044   Code   RO         5717    i.MHC_LE_ACL_Data_Pkt  Rafael_BLE_MM32F032xx_s.lib(hci.o)
    0x08005b34   0x08005b34   0x00000004   Code   RO         5718    i.MHC_LE_ACL_Data_Pkt_Extend  Rafael_BLE_MM32F032xx_s.lib(hci.o)
    0x08005b38   0x08005b38   0x00000002   Code   RO         4352    i.MHS_Event_Null    Rafael_BLE_MM32F032xx_s.lib(host.o)
    0x08005b3a   0x08005b3a   0x00000002   Code   RO         5920    i.ML2CAP_Event_Null  Rafael_BLE_MM32F032xx_s.lib(l2cap.o)
    0x08005b3c   0x08005b3c   0x00000004   Code   RO         4548    i.MLL_HCI_Null      Rafael_BLE_MM32F032xx_s.lib(ll.o)
    0x08005b40   0x08005b40   0x00000004   Code   RO         4549    i.MLL_LE_Ctrl_Pkt   Rafael_BLE_MM32F032xx_s.lib(ll.o)
    0x08005b44   0x08005b44   0x00000018   Code   RO         4550    i.MLL_LL_CHN_Map_Upd  Rafael_BLE_MM32F032xx_s.lib(ll.o)
    0x08005b5c   0x08005b5c   0x0000001c   Code   RO         4551    i.MLL_LL_Enc_Req    Rafael_BLE_MM32F032xx_s.lib(ll.o)
    0x08005b78   0x08005b78   0x00000050   Code   RO         1928    i.NVIC_Init         hal_misc.o
    0x08005bc8   0x08005bc8   0x00000044   Code   RO          504    i.NVIC_SetPriority  systick.o
    0x08005c0c   0x08005c0c   0x00000036   Code   RO         5969    i.PassEC_BLE_CODE_SMP  Rafael_BLE_MM32F032xx_s.lib(mmi.o)
    0x08005c42   0x08005c42   0x00000002   PAD
    0x08005c44   0x08005c44   0x00000024   Code   RO         5970    i.Prcss_BLE_CODE_SMP_Encryption_Information  Rafael_BLE_MM32F032xx_s.lib(mmi.o)
    0x08005c68   0x08005c68   0x00000004   Code   RO         5971    i.Prcss_BLE_CODE_SMP_Identity_Address_Information  Rafael_BLE_MM32F032xx_s.lib(mmi.o)
    0x08005c6c   0x08005c6c   0x00000024   Code   RO         5972    i.Prcss_BLE_CODE_SMP_Identity_Information  Rafael_BLE_MM32F032xx_s.lib(mmi.o)
    0x08005c90   0x08005c90   0x0000003c   Code   RO         5973    i.Prcss_BLE_CODE_SMP_Master_Identification  Rafael_BLE_MM32F032xx_s.lib(mmi.o)
    0x08005ccc   0x08005ccc   0x00000068   Code   RO         5974    i.Prcss_BLE_CODE_SMP_Pairing_Confirm  Rafael_BLE_MM32F032xx_s.lib(mmi.o)
    0x08005d34   0x08005d34   0x00000034   Code   RO         5975    i.Prcss_BLE_CODE_SMP_Pairing_Failed  Rafael_BLE_MM32F032xx_s.lib(mmi.o)
    0x08005d68   0x08005d68   0x0000001c   Code   RO         5976    i.Prcss_BLE_CODE_SMP_Pairing_Random  Rafael_BLE_MM32F032xx_s.lib(mmi.o)
    0x08005d84   0x08005d84   0x00000100   Code   RO         5977    i.Prcss_BLE_CODE_SMP_Pairing_Request  Rafael_BLE_MM32F032xx_s.lib(mmi.o)
    0x08005e84   0x08005e84   0x00000004   Code   RO         5978    i.Prcss_BLE_CODE_SMP_Pairing_Response  Rafael_BLE_MM32F032xx_s.lib(mmi.o)
    0x08005e88   0x08005e88   0x00000004   Code   RO         5979    i.Prcss_BLE_CODE_SMP_Reserved  Rafael_BLE_MM32F032xx_s.lib(mmi.o)
    0x08005e8c   0x08005e8c   0x00000004   Code   RO         5980    i.Prcss_BLE_CODE_SMP_Security_Request  Rafael_BLE_MM32F032xx_s.lib(mmi.o)
    0x08005e90   0x08005e90   0x00000024   Code   RO         5981    i.Prcss_BLE_CODE_SMP_Signing_Information  Rafael_BLE_MM32F032xx_s.lib(mmi.o)
    0x08005eb4   0x08005eb4   0x00000004   Code   RO         5982    i.Prcss_L2CAP_CID_AMP_MANAGER_PROTOCOL  Rafael_BLE_MM32F032xx_s.lib(mmi.o)
    0x08005eb8   0x08005eb8   0x00000070   Code   RO         5983    i.Prcss_L2CAP_CID_ATTRIBUTE_PROTOCOL  Rafael_BLE_MM32F032xx_s.lib(mmi.o)
    0x08005f28   0x08005f28   0x00000004   Code   RO         5984    i.Prcss_L2CAP_CID_CONNECTIONLESS_CHANNEL  Rafael_BLE_MM32F032xx_s.lib(mmi.o)
    0x08005f2c   0x08005f2c   0x00000004   Code   RO         5985    i.Prcss_L2CAP_CID_L2CAP_SIGNALING_CHANNEL  Rafael_BLE_MM32F032xx_s.lib(mmi.o)
    0x08005f30   0x08005f30   0x00000068   Code   RO         5986    i.Prcss_L2CAP_CID_LE_L2CAP_SIGNALING_CHANNEL  Rafael_BLE_MM32F032xx_s.lib(mmi.o)
    0x08005f98   0x08005f98   0x00000004   Code   RO         5987    i.Prcss_L2CAP_CID_NULL_IDENTIFIER  Rafael_BLE_MM32F032xx_s.lib(mmi.o)
    0x08005f9c   0x08005f9c   0x0000002c   Code   RO         5988    i.Prcss_L2CAP_CID_SECURITY_MANAGER_PROTOCOL  Rafael_BLE_MM32F032xx_s.lib(mmi.o)
    0x08005fc8   0x08005fc8   0x00000004   Code   RO         5989    i.Prcss_OPCODE_ATT_Error_Response  Rafael_BLE_MM32F032xx_s.lib(mmi.o)
    0x08005fcc   0x08005fcc   0x00000054   Code   RO         5990    i.Prcss_OPCODE_ATT_Exchange_MTU_Request  Rafael_BLE_MM32F032xx_s.lib(mmi.o)
    0x08006020   0x08006020   0x00000030   Code   RO         5991    i.Prcss_OPCODE_ATT_Exchange_MTU_Response  Rafael_BLE_MM32F032xx_s.lib(mmi.o)
    0x08006050   0x08006050   0x00000104   Code   RO         5992    i.Prcss_OPCODE_ATT_Execute_Write_Request  Rafael_BLE_MM32F032xx_s.lib(mmi.o)
    0x08006154   0x08006154   0x00000004   Code   RO         5993    i.Prcss_OPCODE_ATT_Execute_Write_Response  Rafael_BLE_MM32F032xx_s.lib(mmi.o)
    0x08006158   0x08006158   0x00000160   Code   RO         5994    i.Prcss_OPCODE_ATT_Find_By_Type_Value_Request  Rafael_BLE_MM32F032xx_s.lib(mmi.o)
    0x080062b8   0x080062b8   0x00000004   Code   RO         5995    i.Prcss_OPCODE_ATT_Find_By_Type_Value_Response  Rafael_BLE_MM32F032xx_s.lib(mmi.o)
    0x080062bc   0x080062bc   0x00000178   Code   RO         5996    i.Prcss_OPCODE_ATT_Find_Information_Request  Rafael_BLE_MM32F032xx_s.lib(mmi.o)
    0x08006434   0x08006434   0x00000004   Code   RO         5997    i.Prcss_OPCODE_ATT_Find_Information_Response  Rafael_BLE_MM32F032xx_s.lib(mmi.o)
    0x08006438   0x08006438   0x00000010   Code   RO         5998    i.Prcss_OPCODE_ATT_Handle_Value_Confirmation  Rafael_BLE_MM32F032xx_s.lib(mmi.o)
    0x08006448   0x08006448   0x00000004   Code   RO         5999    i.Prcss_OPCODE_ATT_Handle_Value_Indication  Rafael_BLE_MM32F032xx_s.lib(mmi.o)
    0x0800644c   0x0800644c   0x00000004   Code   RO         6000    i.Prcss_OPCODE_ATT_Handle_Value_Notification  Rafael_BLE_MM32F032xx_s.lib(mmi.o)
    0x08006450   0x08006450   0x00000004   Code   RO         6001    i.Prcss_OPCODE_ATT_NULL  Rafael_BLE_MM32F032xx_s.lib(mmi.o)
    0x08006454   0x08006454   0x00000120   Code   RO         6002    i.Prcss_OPCODE_ATT_Prepare_Write_Request  Rafael_BLE_MM32F032xx_s.lib(mmi.o)
    0x08006574   0x08006574   0x00000004   Code   RO         6003    i.Prcss_OPCODE_ATT_Prepare_Write_Response  Rafael_BLE_MM32F032xx_s.lib(mmi.o)
    0x08006578   0x08006578   0x00000158   Code   RO         6004    i.Prcss_OPCODE_ATT_Read_Blob_Request  Rafael_BLE_MM32F032xx_s.lib(mmi.o)
    0x080066d0   0x080066d0   0x00000004   Code   RO         6005    i.Prcss_OPCODE_ATT_Read_Blob_Response  Rafael_BLE_MM32F032xx_s.lib(mmi.o)
    0x080066d4   0x080066d4   0x00000278   Code   RO         6006    i.Prcss_OPCODE_ATT_Read_By_Type_Request  Rafael_BLE_MM32F032xx_s.lib(mmi.o)
    0x0800694c   0x0800694c   0x00000004   Code   RO         6007    i.Prcss_OPCODE_ATT_Read_By_Type_Response  Rafael_BLE_MM32F032xx_s.lib(mmi.o)
    0x08006950   0x08006950   0x00000024   Code   RO         6008    i.Prcss_OPCODE_ATT_Read_Multiple_Request  Rafael_BLE_MM32F032xx_s.lib(mmi.o)
    0x08006974   0x08006974   0x00000004   Code   RO         6009    i.Prcss_OPCODE_ATT_Read_Multiple_Response  Rafael_BLE_MM32F032xx_s.lib(mmi.o)
    0x08006978   0x08006978   0x00000130   Code   RO         6010    i.Prcss_OPCODE_ATT_Read_Request  Rafael_BLE_MM32F032xx_s.lib(mmi.o)
    0x08006aa8   0x08006aa8   0x00000004   Code   RO         6011    i.Prcss_OPCODE_ATT_Read_Response  Rafael_BLE_MM32F032xx_s.lib(mmi.o)
    0x08006aac   0x08006aac   0x000002f4   Code   RO         6012    i.Prcss_OPCODE_ATT_Read_by_Group_Type_Request  Rafael_BLE_MM32F032xx_s.lib(mmi.o)
    0x08006da0   0x08006da0   0x00000004   Code   RO         6013    i.Prcss_OPCODE_ATT_Read_by_Group_Type_Response  Rafael_BLE_MM32F032xx_s.lib(mmi.o)
    0x08006da4   0x08006da4   0x00000004   Code   RO         6014    i.Prcss_OPCODE_ATT_Signed_Write_Command  Rafael_BLE_MM32F032xx_s.lib(mmi.o)
    0x08006da8   0x08006da8   0x000000e4   Code   RO         6015    i.Prcss_OPCODE_ATT_Write_Command  Rafael_BLE_MM32F032xx_s.lib(mmi.o)
    0x08006e8c   0x08006e8c   0x00000128   Code   RO         6016    i.Prcss_OPCODE_ATT_Write_Request  Rafael_BLE_MM32F032xx_s.lib(mmi.o)
    0x08006fb4   0x08006fb4   0x0000000c   Code   RO         6017    i.Prcss_OPCODE_ATT_Write_Response  Rafael_BLE_MM32F032xx_s.lib(mmi.o)
    0x08006fc0   0x08006fc0   0x00000018   Code   RO         2044    i.RCC_AHBPeriphClockCmd  hal_rcc.o
    0x08006fd8   0x08006fd8   0x00000018   Code   RO         2046    i.RCC_APB1PeriphClockCmd  hal_rcc.o
    0x08006ff0   0x08006ff0   0x00000018   Code   RO         2048    i.RCC_APB2PeriphClockCmd  hal_rcc.o
    0x08007008   0x08007008   0x00000020   Code   RO         2057    i.RCC_GetHCLKFreq   hal_rcc.o
    0x08007028   0x08007028   0x00000020   Code   RO         2059    i.RCC_GetPCLK1Freq  hal_rcc.o
    0x08007048   0x08007048   0x00000020   Code   RO         2060    i.RCC_GetPCLK2Freq  hal_rcc.o
    0x08007068   0x08007068   0x00000048   Code   RO         2062    i.RCC_GetSysClockFreq  hal_rcc.o
    0x080070b0   0x080070b0   0x0000001c   Code   RO         5266    i.RF_CCM_AES_Mode_set  Rafael_BLE_MM32F032xx_s.lib(rf_phy.o)
    0x080070cc   0x080070cc   0x0000000e   Code   RO         5267    i.RF_CRCInit        Rafael_BLE_MM32F032xx_s.lib(rf_phy.o)
    0x080070da   0x080070da   0x00000014   Code   RO         5268    i.RF_CRCchk         Rafael_BLE_MM32F032xx_s.lib(rf_phy.o)
    0x080070ee   0x080070ee   0x00000002   PAD
    0x080070f0   0x080070f0   0x0000002c   Code   RO         5269    i.RF_DC_Rstr_Isr    Rafael_BLE_MM32F032xx_s.lib(rf_phy.o)
    0x0800711c   0x0800711c   0x00000070   Code   RO         5272    i.RF_Get_LastRssi   Rafael_BLE_MM32F032xx_s.lib(rf_phy.o)
    0x0800718c   0x0800718c   0x00000010   Code   RO         5274    i.RF_Header_Rdy_intOn  Rafael_BLE_MM32F032xx_s.lib(rf_phy.o)
    0x0800719c   0x0800719c   0x00000168   Code   RO         5275    i.RF_Init           Rafael_BLE_MM32F032xx_s.lib(rf_phy.o)
    0x08007304   0x08007304   0x00000014   Code   RO         5276    i.RF_IntReset       Rafael_BLE_MM32F032xx_s.lib(rf_phy.o)
    0x08007318   0x08007318   0x00000018   Code   RO         5278    i.RF_LE_HeaderStsLen_Tx  Rafael_BLE_MM32F032xx_s.lib(rf_phy.o)
    0x08007330   0x08007330   0x00000068   Code   RO           75    i.RF_Open           main.o
    0x08007398   0x08007398   0x0000000e   Code   RO         5279    i.RF_PLL_VCO_Bank_set  Rafael_BLE_MM32F032xx_s.lib(rf_phy.o)
    0x080073a6   0x080073a6   0x00000002   PAD
    0x080073a8   0x080073a8   0x00000044   Code   RO         5280    i.RF_PowerSaving_En_Isr  Rafael_BLE_MM32F032xx_s.lib(rf_phy.o)
    0x080073ec   0x080073ec   0x0000000c   Code   RO         5283    i.RF_RxLengthLimit  Rafael_BLE_MM32F032xx_s.lib(rf_phy.o)
    0x080073f8   0x080073f8   0x00000010   Code   RO         5284    i.RF_Set_TxPowerLevel_Isr  Rafael_BLE_MM32F032xx_s.lib(rf_phy.o)
    0x08007408   0x08007408   0x0000009c   Code   RO          617    i.RF_SpiIoMapping   porting_misc.o
    0x080074a4   0x080074a4   0x00000034   Code   RO         5285    i.RF_SymbolRate_Patch_1M_2M  Rafael_BLE_MM32F032xx_s.lib(rf_phy.o)
    0x080074d8   0x080074d8   0x00000024   Code   RO         5286    i.RF_SymbolRate_set  Rafael_BLE_MM32F032xx_s.lib(rf_phy.o)
    0x080074fc   0x080074fc   0x000000e0   Code   RO         5290    i.RF_Tmr_Periodic_initial  Rafael_BLE_MM32F032xx_s.lib(rf_phy.o)
    0x080075dc   0x080075dc   0x0000005c   Code   RO         5291    i.RF_Tmr_Periodic_set_ISR  Rafael_BLE_MM32F032xx_s.lib(rf_phy.o)
    0x08007638   0x08007638   0x00000018   Code   RO         5292    i.RF_TxAutoAckOff   Rafael_BLE_MM32F032xx_s.lib(rf_phy.o)
    0x08007650   0x08007650   0x00000018   Code   RO         5293    i.RF_TxAutoAckOn    Rafael_BLE_MM32F032xx_s.lib(rf_phy.o)
    0x08007668   0x08007668   0x00000018   Code   RO         5294    i.RF_TxFIFO_ADVData_set  Rafael_BLE_MM32F032xx_s.lib(rf_phy.o)
    0x08007680   0x08007680   0x00000018   Code   RO         5295    i.RF_TxFIFO_ADVaddr_set  Rafael_BLE_MM32F032xx_s.lib(rf_phy.o)
    0x08007698   0x08007698   0x00000020   Code   RO         5296    i.RF_TxFIFO_LeData_set  Rafael_BLE_MM32F032xx_s.lib(rf_phy.o)
    0x080076b8   0x080076b8   0x0000001c   Code   RO         5297    i.RF_TxFIFO_LeData_wIdx_set  Rafael_BLE_MM32F032xx_s.lib(rf_phy.o)
    0x080076d4   0x080076d4   0x0000001c   Code   RO         5298    i.RF_TxFIFO_OriginAddr_set  Rafael_BLE_MM32F032xx_s.lib(rf_phy.o)
    0x080076f0   0x080076f0   0x00000068   Code   RO         5299    i.RF_Voltage_Det    Rafael_BLE_MM32F032xx_s.lib(rf_phy.o)
    0x08007758   0x08007758   0x00000014   Code   RO         5300    i.RF_WTR_EnChk      Rafael_BLE_MM32F032xx_s.lib(rf_phy.o)
    0x0800776c   0x0800776c   0x00000018   Code   RO         5303    i.RF_WTR_intOff     Rafael_BLE_MM32F032xx_s.lib(rf_phy.o)
    0x08007784   0x08007784   0x00000018   Code   RO         5304    i.RF_WTR_intOn      Rafael_BLE_MM32F032xx_s.lib(rf_phy.o)
    0x0800779c   0x0800779c   0x0000003c   Code   RO         4552    i.RF_cmpFIFO_BDAddr  Rafael_BLE_MM32F032xx_s.lib(ll.o)
    0x080077d8   0x080077d8   0x00000044   Code   RO         4553    i.RF_cmpFIFO_WhiteList  Rafael_BLE_MM32F032xx_s.lib(ll.o)
    0x0800781c   0x0800781c   0x00000024   Code   RO         4051    i.RcvMsgBlk         Rafael_BLE_MM32F032xx_s.lib(kernel.o)
    0x08007840   0x08007840   0x0000000c   Code   RO         5921    i.Rls_L2CAP_Buf     Rafael_BLE_MM32F032xx_s.lib(l2cap.o)
    0x0800784c   0x0800784c   0x00000034   Code   RO         6018    i.SMEC_LE_CODE_SMP_Pairing_Confirm  Rafael_BLE_MM32F032xx_s.lib(mmi.o)
    0x08007880   0x08007880   0x000000a0   Code   RO         6019    i.SMEC_LE_CODE_SMP_Pairing_Random  Rafael_BLE_MM32F032xx_s.lib(mmi.o)
    0x08007920   0x08007920   0x00000090   Code   RO         6020    i.SMEC_LE_SMP_Key_Gen  Rafael_BLE_MM32F032xx_s.lib(mmi.o)
    0x080079b0   0x080079b0   0x00000058   Code   RO          701    i.SPI_1BYT_SetRx    porting_spi.o
    0x08007a08   0x08007a08   0x00000064   Code   RO          702    i.SPI_1BYT_SetRx_Isr  porting_spi.o
    0x08007a6c   0x08007a6c   0x0000004c   Code   RO          703    i.SPI_1BYT_SetTx    porting_spi.o
    0x08007ab8   0x08007ab8   0x00000048   Code   RO          704    i.SPI_1BYT_SetTx_Isr  porting_spi.o
    0x08007b00   0x08007b00   0x0000006c   Code   RO          705    i.SPI_2BYT_SetTx_Isr  porting_spi.o
    0x08007b6c   0x08007b6c   0x0000002e   Code   RO         2418    i.SPI_BiDirectionalLineConfig  hal_spi.o
    0x08007b9a   0x08007b9a   0x00000014   Code   RO         2419    i.SPI_CSInternalSelected  hal_spi.o
    0x08007bae   0x08007bae   0x00000014   Code   RO         2421    i.SPI_Cmd           hal_spi.o
    0x08007bc2   0x08007bc2   0x00000014   Code   RO         2422    i.SPI_DMACmd        hal_spi.o
    0x08007bd6   0x08007bd6   0x00000002   PAD
    0x08007bd8   0x08007bd8   0x00000038   Code   RO          618    i.SPI_GPIO_Init     porting_misc.o
    0x08007c10   0x08007c10   0x0000006e   Code   RO         2429    i.SPI_Init          hal_spi.o
    0x08007c7e   0x08007c7e   0x00000002   PAD
    0x08007c80   0x08007c80   0x0000006c   Code   RO          706    i.SPI_PDMA_SetRx_Isr  porting_spi.o
    0x08007cec   0x08007cec   0x00000074   Code   RO          707    i.SPI_PDMA_SetTx    porting_spi.o
    0x08007d60   0x08007d60   0x00000004   Code   RO          708    i.SPI_PDMA_waitFinish  porting_spi.o
    0x08007d64   0x08007d64   0x0000001a   Code   RO         2435    i.SPI_StructInit    hal_spi.o
    0x08007d7e   0x08007d7e   0x00000002   PAD
    0x08007d80   0x08007d80   0x00000164   Code   RO          412    i.SPIx_Configure    spi.o
    0x08007ee4   0x08007ee4   0x00000120   Code   RO          413    i.SPIx_DMA_Configure  spi.o
    0x08008004   0x08008004   0x00000030   Code   RO          414    i.SPIx_DMA_InterruptConfigure  spi.o
    0x08008034   0x08008034   0x000000d8   Code   RO          415    i.SPIx_DMA_RxData   spi.o
    0x0800810c   0x0800810c   0x000000cc   Code   RO          416    i.SPIx_DMA_TxData   spi.o
    0x080081d8   0x080081d8   0x00000044   Code   RO          417    i.SPIx_ReadWriteByte  spi.o
    0x0800821c   0x0800821c   0x0000000a   Code   RO          418    i.SPIx_WriteByte    spi.o
    0x08008226   0x08008226   0x00000002   PAD
    0x08008228   0x08008228   0x000000d0   Code   RO            4    i.SetSysClockTo48   system_mm32f032xx_s.o
    0x080082f8   0x080082f8   0x00000020   Code   RO         4052    i.SndMsgBlk         Rafael_BLE_MM32F032xx_s.lib(kernel.o)
    0x08008318   0x08008318   0x0000001c   Code   RO         4554    i.SndMsgBlkEC       Rafael_BLE_MM32F032xx_s.lib(ll.o)
    0x08008334   0x08008334   0x0000001c   Code   RO         4053    i.SndMsgBlk_Isr     Rafael_BLE_MM32F032xx_s.lib(kernel.o)
    0x08008350   0x08008350   0x00000030   Code   RO         4055    i.SndMsgBlks_Isr    Rafael_BLE_MM32F032xx_s.lib(kernel.o)
    0x08008380   0x08008380   0x00000010   Code   RO          505    i.SysTick_DelayMs   systick.o
    0x08008390   0x08008390   0x00000014   Code   RO          506    i.SysTick_Handler   systick.o
    0x080083a4   0x080083a4   0x00000048   Code   RO          507    i.SysTick_Init      systick.o
    0x080083ec   0x080083ec   0x00000054   Code   RO            5    i.SystemInit        system_mm32f032xx_s.o
    0x08008440   0x08008440   0x0000000c   Code   RO         3143    i.UART_Cmd          hal_uart.o
    0x0800844c   0x0800844c   0x0000000a   Code   RO         3147    i.UART_GetFlagStatus  hal_uart.o
    0x08008456   0x08008456   0x00000002   PAD
    0x08008458   0x08008458   0x00000070   Code   RO         3151    i.UART_Init         hal_uart.o
    0x080084c8   0x080084c8   0x00000006   Code   RO         3155    i.UART_SendData     hal_uart.o
    0x080084ce   0x080084ce   0x00000018   Code   RO         3164    i.UART_StructInit   hal_uart.o
    0x080084e6   0x080084e6   0x00000002   PAD
    0x080084e8   0x080084e8   0x0000012c   Code   RO          550    i.UARTx_Configure   uart.o
    0x08008614   0x08008614   0x00000020   Code   RO         6731    i.__0printf$8       mc_p.l(printf8.o)
    0x08008634   0x08008634   0x0000001a   Code   RO         4295    i.__ARM_common_switch8  Rafael_BLE_MM32F032xx_s.lib(kernel.o)
    0x0800864e   0x0800864e   0x0000000e   Code   RO         6828    i.__scatterload_copy  mc_p.l(handlers.o)
    0x0800865c   0x0800865c   0x00000002   Code   RO         6829    i.__scatterload_null  mc_p.l(handlers.o)
    0x0800865e   0x0800865e   0x0000000e   Code   RO         6830    i.__scatterload_zeroinit  mc_p.l(handlers.o)
    0x0800866c   0x0800866c   0x00000428   Code   RO         6738    i._printf_core      mc_p.l(printf8.o)
    0x08008a94   0x08008a94   0x00000020   Code   RO         6739    i._printf_post_padding  mc_p.l(printf8.o)
    0x08008ab4   0x08008ab4   0x0000002c   Code   RO         6740    i._printf_pre_padding  mc_p.l(printf8.o)
    0x08008ae0   0x08008ae0   0x00000094   Code   RO         6333    i.checkBLE_CmdTimer  Rafael_BLE_MM32F032xx_s.lib(rffunction.o)
    0x08008b74   0x08008b74   0x00000060   Code   RO         6334    i.chkBLE_ATTRIBUTE_PERMISSION_Read  Rafael_BLE_MM32F032xx_s.lib(rffunction.o)
    0x08008bd4   0x08008bd4   0x00000060   Code   RO         6335    i.chkBLE_ATTRIBUTE_PERMISSION_Write  Rafael_BLE_MM32F032xx_s.lib(rffunction.o)
    0x08008c34   0x08008c34   0x00000004   Code   RO         6336    i.chkBLE_ATT_Chr_AcssRd_ByUser  Rafael_BLE_MM32F032xx_s.lib(rffunction.o)
    0x08008c38   0x08008c38   0x00000004   Code   RO         6337    i.chkBLE_ATT_Chr_AcssWr_ByUser  Rafael_BLE_MM32F032xx_s.lib(rffunction.o)
    0x08008c3c   0x08008c3c   0x00000014   Code   RO         4555    i.chkBLE_LL_State_Adv  Rafael_BLE_MM32F032xx_s.lib(ll.o)
    0x08008c50   0x08008c50   0x00000014   Code   RO         4556    i.chkBLE_LL_State_Init  Rafael_BLE_MM32F032xx_s.lib(ll.o)
    0x08008c64   0x08008c64   0x00000014   Code   RO         4557    i.chkBLE_LL_State_Scan  Rafael_BLE_MM32F032xx_s.lib(ll.o)
    0x08008c78   0x08008c78   0x00000018   Code   RO         6338    i.chkIfBLE_ATT_Chr_Acss_ByUser  Rafael_BLE_MM32F032xx_s.lib(rffunction.o)
    0x08008c90   0x08008c90   0x00000030   Code   RO         6339    i.clearBLE_CmdTimer  Rafael_BLE_MM32F032xx_s.lib(rffunction.o)
    0x08008cc0   0x08008cc0   0x0000000c   Code   RO          581    i.delay_us          porting_lltimer.o
    0x08008ccc   0x08008ccc   0x00000020   Code   RO         1265    i.exEXTI_LineDisable  hal_exti.o
    0x08008cec   0x08008cec   0x00000024   Code   RO          551    i.fputc             uart.o
    0x08008d10   0x08008d10   0x0000001c   Code   RO         6340    i.getBLE_ATTRIBUTE_TYPE_Size  Rafael_BLE_MM32F032xx_s.lib(rffunction.o)
    0x08008d2c   0x08008d2c   0x00000020   Code   RO         6341    i.getBLE_ATTRIBUTE_Value_DynmcLngth  Rafael_BLE_MM32F032xx_s.lib(rffunction.o)
    0x08008d4c   0x08008d4c   0x00000014   Code   RO         6342    i.getBLE_CmdTimerEvent  Rafael_BLE_MM32F032xx_s.lib(rffunction.o)
    0x08008d60   0x08008d60   0x00000084   Code   RO         6343    i.initBLE_AttServParamter  Rafael_BLE_MM32F032xx_s.lib(rffunction.o)
    0x08008de4   0x08008de4   0x00000040   Code   RO         6021    i.initBLEsmp        Rafael_BLE_MM32F032xx_s.lib(mmi.o)
    0x08008e24   0x08008e24   0x00000038   Code   RO         6022    i.initBLEsmp_Re     Rafael_BLE_MM32F032xx_s.lib(mmi.o)
    0x08008e5c   0x08008e5c   0x00000014   Code   RO         6023    i.initBLEsw         Rafael_BLE_MM32F032xx_s.lib(mmi.o)
    0x08008e70   0x08008e70   0x00000014   Code   RO         4353    i.initBleDeviceParam  Rafael_BLE_MM32F032xx_s.lib(host.o)
    0x08008e84   0x08008e84   0x00000034   Code   RO         5719    i.initHCI           Rafael_BLE_MM32F032xx_s.lib(hci.o)
    0x08008eb8   0x08008eb8   0x00000018   Code   RO         5306    i.initInt           Rafael_BLE_MM32F032xx_s.lib(rf_phy.o)
    0x08008ed0   0x08008ed0   0x00000008   Code   RO         5922    i.initL2CAP         Rafael_BLE_MM32F032xx_s.lib(l2cap.o)
    0x08008ed8   0x08008ed8   0x00000160   Code   RO         4558    i.initLL            Rafael_BLE_MM32F032xx_s.lib(ll.o)
    0x08009038   0x08009038   0x0000000c   Code   RO         5720    i.initLLCallBack    Rafael_BLE_MM32F032xx_s.lib(hci.o)
    0x08009044   0x08009044   0x00000018   Code   RO         6344    i.init_q_att_HDL_PreWr  Rafael_BLE_MM32F032xx_s.lib(rffunction.o)
    0x0800905c   0x0800905c   0x000000c0   Code   RO           76    i.main              main.o
    0x0800911c   0x0800911c   0x00000070   Code   RO         5307    i.rafael_pll_bank_get  Rafael_BLE_MM32F032xx_s.lib(rf_phy.o)
    0x0800918c   0x0800918c   0x00000130   Code   RO         5308    i.rafael_pll_calibration  Rafael_BLE_MM32F032xx_s.lib(rf_phy.o)
    0x080092bc   0x080092bc   0x0000002c   Code   RO         5309    i.rafael_reset_phy_fsm  Rafael_BLE_MM32F032xx_s.lib(rf_phy.o)
    0x080092e8   0x080092e8   0x00000024   Code   RO         5310    i.rafael_reset_phy_fsm_Isr  Rafael_BLE_MM32F032xx_s.lib(rf_phy.o)
    0x0800930c   0x0800930c   0x0000003a   Code   RO         3648    i.setBLE_AdvData    Rafael_BLE_MM32F032xx_s.lib(ble_cmd.o)
    0x08009346   0x08009346   0x0000003c   Code   RO         3650    i.setBLE_AdvEnable  Rafael_BLE_MM32F032xx_s.lib(ble_cmd.o)
    0x08009382   0x08009382   0x00000002   PAD
    0x08009384   0x08009384   0x000000e8   Code   RO         3651    i.setBLE_AdvParam   Rafael_BLE_MM32F032xx_s.lib(ble_cmd.o)
    0x0800946c   0x0800946c   0x00000070   Code   RO         3652    i.setBLE_BleDeviceAddr  Rafael_BLE_MM32F032xx_s.lib(ble_cmd.o)
    0x080094dc   0x080094dc   0x00000030   Code   RO         6345    i.setBLE_CmdTimer   Rafael_BLE_MM32F032xx_s.lib(rffunction.o)
    0x0800950c   0x0800950c   0x00000012   Code   RO         6346    i.setBLE_ConnTxData  Rafael_BLE_MM32F032xx_s.lib(rffunction.o)
    0x0800951e   0x0800951e   0x00000034   Code   RO         6347    i.setBLE_ConnTxData_ATT_ERROR_RESPONSE  Rafael_BLE_MM32F032xx_s.lib(rffunction.o)
    0x08009552   0x08009552   0x00000044   Code   RO         6348    i.setBLE_ConnTxData_SMP  Rafael_BLE_MM32F032xx_s.lib(rffunction.o)
    0x08009596   0x08009596   0x00000046   Code   RO         6349    i.setBLE_ConnTxData_SMP_Isr  Rafael_BLE_MM32F032xx_s.lib(rffunction.o)
    0x080095dc   0x080095dc   0x00000050   Code   RO         3660    i.setBLE_IOCapabilities  Rafael_BLE_MM32F032xx_s.lib(ble_cmd.o)
    0x0800962c   0x0800962c   0x0000002c   Code   RO         3661    i.setBLE_Pairing_PassKey  Rafael_BLE_MM32F032xx_s.lib(ble_cmd.o)
    0x08009658   0x08009658   0x00000018   Code   RO         3977    i.setBLE_RegisterBleEvent  Rafael_BLE_MM32F032xx_s.lib(ble_event.o)
    0x08009670   0x08009670   0x0000003a   Code   RO         3666    i.setBLE_ScanRspData  Rafael_BLE_MM32F032xx_s.lib(ble_cmd.o)
    0x080096aa   0x080096aa   0x00000002   PAD
    0x080096ac   0x080096ac   0x00000020   Code   RO         5311    i.setChannel_BLE    Rafael_BLE_MM32F032xx_s.lib(rf_phy.o)
    0x080096cc   0x080096cc   0x0000000c   Code   RO         5317    i.smpAES_En         Rafael_BLE_MM32F032xx_s.lib(rf_phy.o)
    0x080096d8   0x080096d8   0x00000032   Code   RO         5318    i.smpAES_inInv      Rafael_BLE_MM32F032xx_s.lib(rf_phy.o)
    0x0800970a   0x0800970a   0x00000002   PAD
    0x0800970c   0x0800970c   0x00000018   Code   RO         5319    i.smpAES_in_PlainText  Rafael_BLE_MM32F032xx_s.lib(rf_phy.o)
    0x08009724   0x08009724   0x0000000e   Code   RO         5320    i.smpAES_in_key     Rafael_BLE_MM32F032xx_s.lib(rf_phy.o)
    0x08009732   0x08009732   0x00000022   Code   RO         5321    i.smpAES_out        Rafael_BLE_MM32F032xx_s.lib(rf_phy.o)
    0x08009754   0x08009754   0x00000030   Code   RO         5322    i.smpAES_outInv     Rafael_BLE_MM32F032xx_s.lib(rf_phy.o)
    0x08009784   0x08009784   0x000000c4   Code   RO         6350    i.smpC1             Rafael_BLE_MM32F032xx_s.lib(rffunction.o)
    0x08009848   0x08009848   0x00000018   Code   RO         6351    i.smpPasskey_init   Rafael_BLE_MM32F032xx_s.lib(rffunction.o)
    0x08009860   0x08009860   0x00000030   Code   RO         6352    i.smpPasskey_set    Rafael_BLE_MM32F032xx_s.lib(rffunction.o)
    0x08009890   0x08009890   0x0000002c   Code   RO         6353    i.smpS1             Rafael_BLE_MM32F032xx_s.lib(rffunction.o)
    0x080098bc   0x080098bc   0x000000f0   Code   RO          621    i.spiGpioWriteReg   porting_misc.o
    0x080099ac   0x080099ac   0x0000002e   Data   RO          263    .constdata          user.o
    0x080099da   0x080099da   0x00000002   PAD
    0x080099dc   0x080099dc   0x00000008   Data   RO          419    .constdata          spi.o
    0x080099e4   0x080099e4   0x00000001   Data   RO          623    .constdata          porting_misc.o
    0x080099e5   0x080099e5   0x00000003   PAD
    0x080099e8   0x080099e8   0x00000016   Data   RO          710    .constdata          porting_spi.o
    0x080099fe   0x080099fe   0x00000007   Data   RO         3464    .constdata          profile_tab.o
    0x08009a05   0x08009a05   0x00000007   Data   RO         3465    .constdata          profile_tab.o
    0x08009a0c   0x08009a0c   0x0000000a   Data   RO         3466    .constdata          profile_tab.o
    0x08009a16   0x08009a16   0x0000000c   Data   RO         3467    .constdata          profile_tab.o
    0x08009a22   0x08009a22   0x0000000a   Data   RO         3468    .constdata          profile_tab.o
    0x08009a2c   0x08009a2c   0x00000007   Data   RO         3469    .constdata          profile_tab.o
    0x08009a33   0x08009a33   0x0000000a   Data   RO         3470    .constdata          profile_tab.o
    0x08009a3d   0x08009a3d   0x0000000b   Data   RO         3471    .constdata          profile_tab.o
    0x08009a48   0x08009a48   0x0000000a   Data   RO         3472    .constdata          profile_tab.o
    0x08009a52   0x08009a52   0x00000006   Data   RO         3473    .constdata          profile_tab.o
    0x08009a58   0x08009a58   0x0000000a   Data   RO         3474    .constdata          profile_tab.o
    0x08009a62   0x08009a62   0x0000000d   Data   RO         3475    .constdata          profile_tab.o
    0x08009a6f   0x08009a6f   0x00000007   Data   RO         3476    .constdata          profile_tab.o
    0x08009a76   0x08009a76   0x0000000a   Data   RO         3477    .constdata          profile_tab.o
    0x08009a80   0x08009a80   0x00000009   Data   RO         3478    .constdata          profile_tab.o
    0x08009a89   0x08009a89   0x00000007   Data   RO         3479    .constdata          profile_tab.o
    0x08009a90   0x08009a90   0x00000007   Data   RO         3480    .constdata          profile_tab.o
    0x08009a97   0x08009a97   0x0000000a   Data   RO         3481    .constdata          profile_tab.o
    0x08009aa1   0x08009aa1   0x00000009   Data   RO         3482    .constdata          profile_tab.o
    0x08009aaa   0x08009aaa   0x0000000c   Data   RO         3483    .constdata          profile_tab.o
    0x08009ab6   0x08009ab6   0x0000000a   Data   RO         3484    .constdata          profile_tab.o
    0x08009ac0   0x08009ac0   0x0000000b   Data   RO         3485    .constdata          profile_tab.o
    0x08009acb   0x08009acb   0x0000000c   Data   RO         3486    .constdata          profile_tab.o
    0x08009ad7   0x08009ad7   0x0000000a   Data   RO         3487    .constdata          profile_tab.o
    0x08009ae1   0x08009ae1   0x0000000d   Data   RO         3488    .constdata          profile_tab.o
    0x08009aee   0x08009aee   0x0000000a   Data   RO         3489    .constdata          profile_tab.o
    0x08009af8   0x08009af8   0x00000009   Data   RO         3490    .constdata          profile_tab.o
    0x08009b01   0x08009b01   0x0000000c   Data   RO         3491    .constdata          profile_tab.o
    0x08009b0d   0x08009b0d   0x0000000a   Data   RO         3492    .constdata          profile_tab.o
    0x08009b17   0x08009b17   0x0000000b   Data   RO         3493    .constdata          profile_tab.o
    0x08009b22   0x08009b22   0x0000000c   Data   RO         3494    .constdata          profile_tab.o
    0x08009b2e   0x08009b2e   0x0000000a   Data   RO         3495    .constdata          profile_tab.o
    0x08009b38   0x08009b38   0x00000008   Data   RO         3496    .constdata          profile_tab.o
    0x08009b40   0x08009b40   0x0000000c   Data   RO         3497    .constdata          profile_tab.o
    0x08009b4c   0x08009b4c   0x0000000a   Data   RO         3498    .constdata          profile_tab.o
    0x08009b56   0x08009b56   0x00000009   Data   RO         3499    .constdata          profile_tab.o
    0x08009b5f   0x08009b5f   0x0000000c   Data   RO         3500    .constdata          profile_tab.o
    0x08009b6b   0x08009b6b   0x0000000a   Data   RO         3501    .constdata          profile_tab.o
    0x08009b75   0x08009b75   0x0000000c   Data   RO         3502    .constdata          profile_tab.o
    0x08009b81   0x08009b81   0x00000007   Data   RO         3503    .constdata          profile_tab.o
    0x08009b88   0x08009b88   0x0000000a   Data   RO         3504    .constdata          profile_tab.o
    0x08009b92   0x08009b92   0x00000006   Data   RO         3505    .constdata          profile_tab.o
    0x08009b98   0x08009b98   0x00000007   Data   RO         3506    .constdata          profile_tab.o
    0x08009b9f   0x08009b9f   0x0000000a   Data   RO         3507    .constdata          profile_tab.o
    0x08009ba9   0x08009ba9   0x00000006   Data   RO         3508    .constdata          profile_tab.o
    0x08009baf   0x08009baf   0x00000007   Data   RO         3509    .constdata          profile_tab.o
    0x08009bb6   0x08009bb6   0x0000000a   Data   RO         3510    .constdata          profile_tab.o
    0x08009bc0   0x08009bc0   0x00000009   Data   RO         3511    .constdata          profile_tab.o
    0x08009bc9   0x08009bc9   0x0000000a   Data   RO         3512    .constdata          profile_tab.o
    0x08009bd3   0x08009bd3   0x00000006   Data   RO         3513    .constdata          profile_tab.o
    0x08009bd9   0x08009bd9   0x0000000a   Data   RO         3514    .constdata          profile_tab.o
    0x08009be3   0x08009be3   0x0000003b   Data   RO         3515    .constdata          profile_tab.o
    0x08009c1e   0x08009c1e   0x0000000a   Data   RO         3516    .constdata          profile_tab.o
    0x08009c28   0x08009c28   0x0000000d   Data   RO         3517    .constdata          profile_tab.o
    0x08009c35   0x08009c35   0x00000007   Data   RO         3518    .constdata          profile_tab.o
    0x08009c3c   0x08009c3c   0x00000007   Data   RO         3519    .constdata          profile_tab.o
    0x08009c43   0x08009c43   0x0000000a   Data   RO         3520    .constdata          profile_tab.o
    0x08009c4d   0x08009c4d   0x00000006   Data   RO         3521    .constdata          profile_tab.o
    0x08009c53   0x08009c53   0x00000007   Data   RO         3522    .constdata          profile_tab.o
    0x08009c5a   0x08009c5a   0x0000000a   Data   RO         3523    .constdata          profile_tab.o
    0x08009c64   0x08009c64   0x00000006   Data   RO         3524    .constdata          profile_tab.o
    0x08009c6a   0x08009c6a   0x00000002   Data   RO         3525    .constdata          profile_tab.o
    0x08009c6c   0x08009c6c   0x00000002   Data   RO         3526    .constdata          profile_tab.o
    0x08009c6e   0x08009c6e   0x00000002   Data   RO         3529    .constdata          profile_tab.o
    0x08009c70   0x08009c70   0x00000002   Data   RO         3532    .constdata          profile_tab.o
    0x08009c72   0x08009c72   0x00000002   Data   RO         3533    .constdata          profile_tab.o
    0x08009c74   0x08009c74   0x00000002   Data   RO         3534    .constdata          profile_tab.o
    0x08009c76   0x08009c76   0x00000002   Data   RO         3535    .constdata          profile_tab.o
    0x08009c78   0x08009c78   0x00000002   Data   RO         3536    .constdata          profile_tab.o
    0x08009c7a   0x08009c7a   0x00000002   Data   RO         3537    .constdata          profile_tab.o
    0x08009c7c   0x08009c7c   0x00000002   Data   RO         3538    .constdata          profile_tab.o
    0x08009c7e   0x08009c7e   0x00000002   Data   RO         3539    .constdata          profile_tab.o
    0x08009c80   0x08009c80   0x00000002   Data   RO         3540    .constdata          profile_tab.o
    0x08009c82   0x08009c82   0x00000002   Data   RO         3541    .constdata          profile_tab.o
    0x08009c84   0x08009c84   0x00000002   Data   RO         3542    .constdata          profile_tab.o
    0x08009c86   0x08009c86   0x00000002   Data   RO         3543    .constdata          profile_tab.o
    0x08009c88   0x08009c88   0x00000002   Data   RO         3544    .constdata          profile_tab.o
    0x08009c8a   0x08009c8a   0x00000002   Data   RO         3545    .constdata          profile_tab.o
    0x08009c8c   0x08009c8c   0x00000002   Data   RO         3546    .constdata          profile_tab.o
    0x08009c8e   0x08009c8e   0x00000002   Data   RO         3547    .constdata          profile_tab.o
    0x08009c90   0x08009c90   0x00000002   Data   RO         3548    .constdata          profile_tab.o
    0x08009c92   0x08009c92   0x00000002   Data   RO         3549    .constdata          profile_tab.o
    0x08009c94   0x08009c94   0x00000002   Data   RO         3550    .constdata          profile_tab.o
    0x08009c96   0x08009c96   0x00000002   Data   RO         3551    .constdata          profile_tab.o
    0x08009c98   0x08009c98   0x00000002   Data   RO         3552    .constdata          profile_tab.o
    0x08009c9a   0x08009c9a   0x00000002   Data   RO         3553    .constdata          profile_tab.o
    0x08009c9c   0x08009c9c   0x00000002   Data   RO         3554    .constdata          profile_tab.o
    0x08009c9e   0x08009c9e   0x00000002   Data   RO         3555    .constdata          profile_tab.o
    0x08009ca0   0x08009ca0   0x00000002   Data   RO         3561    .constdata          profile_tab.o
    0x08009ca2   0x08009ca2   0x00000002   Data   RO         3562    .constdata          profile_tab.o
    0x08009ca4   0x08009ca4   0x00000002   Data   RO         3563    .constdata          profile_tab.o
    0x08009ca6   0x08009ca6   0x00000002   Data   RO         3564    .constdata          profile_tab.o
    0x08009ca8   0x08009ca8   0x000000f4   Data   RO         3566    .constdata          profile_tab.o
    0x08009d9c   0x08009d9c   0x000000f4   Data   RO         3567    .constdata          profile_tab.o
    0x08009e90   0x08009e90   0x0000000c   Data   RO         4355    .constdata          Rafael_BLE_MM32F032xx_s.lib(host.o)
    0x08009e9c   0x08009e9c   0x00000358   Data   RO         4564    .constdata          Rafael_BLE_MM32F032xx_s.lib(ll.o)
    0x0800a1f4   0x0800a1f4   0x0000011a   Data   RO         5325    .constdata          Rafael_BLE_MM32F032xx_s.lib(rf_phy.o)
    0x0800a30e   0x0800a30e   0x00000002   PAD
    0x0800a310   0x0800a310   0x0000006c   Data   RO         5722    .constdata          Rafael_BLE_MM32F032xx_s.lib(hci.o)
    0x0800a37c   0x0800a37c   0x00000040   Data   RO         5723    .constdata          Rafael_BLE_MM32F032xx_s.lib(hci.o)
    0x0800a3bc   0x0800a3bc   0x00000008   Data   RO         5724    .constdata          Rafael_BLE_MM32F032xx_s.lib(hci.o)
    0x0800a3c4   0x0800a3c4   0x00000004   Data   RO         5924    .constdata          Rafael_BLE_MM32F032xx_s.lib(l2cap.o)
    0x0800a3c8   0x0800a3c8   0x000000ac   Data   RO         6024    .constdata          Rafael_BLE_MM32F032xx_s.lib(mmi.o)
    0x0800a474   0x0800a474   0x0000001c   Data   RO         6025    .constdata          Rafael_BLE_MM32F032xx_s.lib(mmi.o)
    0x0800a490   0x0800a490   0x00000010   Data   RO         6364    .constdata          Rafael_BLE_MM32F032xx_s.lib(rffunction.o)
    0x0800a4a0   0x0800a4a0   0x0000004b   Data   RO          264    .conststring        user.o
    0x0800a4eb   0x0800a4eb   0x00000001   PAD
    0x0800a4ec   0x0800a4ec   0x00000020   Data   RO         6827    Region$$Table       anon$$obj.o


    Execution Region RW_IRAM1 (Exec base: 0x20000000, Load base: 0x0800a50c, Size: 0x00001880, Max: 0x00004000, ABSOLUTE, COMPRESSED[0x00000284])

    Exec Addr    Load Addr    Size         Type   Attr      Idx    E Section Name        Object

    0x20000000   COMPRESSED   0x00000004   Data   RW           77    .data               main.o
    0x20000004   COMPRESSED   0x0000000c   Data   RW          265    .data               user.o
    0x20000010   COMPRESSED   0x00000002   Data   RW          420    .data               spi.o
    0x20000012   COMPRESSED   0x00000002   PAD
    0x20000014   COMPRESSED   0x00000004   Data   RW          508    .data               systick.o
    0x20000018   COMPRESSED   0x00000010   Data   RW         2085    .data               hal_rcc.o
    0x20000028   COMPRESSED   0x00000007   Data   RW         3568    .data               profile_tab.o
    0x2000002f   COMPRESSED   0x00000006   Data   RW         3569    .data               profile_tab.o
    0x20000035   COMPRESSED   0x00000004   Data   RW         3570    .data               profile_tab.o
    0x20000039   COMPRESSED   0x00000002   Data   RW         3571    .data               profile_tab.o
    0x2000003b   COMPRESSED   0x00000001   Data   RW         3572    .data               profile_tab.o
    0x2000003c   COMPRESSED   0x00000002   Data   RW         3573    .data               profile_tab.o
    0x2000003e   COMPRESSED   0x00000001   Data   RW         3574    .data               profile_tab.o
    0x2000003f   COMPRESSED   0x00000001   Data   RW         3575    .data               profile_tab.o
    0x20000040   COMPRESSED   0x00000008   Data   RW         3576    .data               profile_tab.o
    0x20000048   COMPRESSED   0x00000002   Data   RW         3577    .data               profile_tab.o
    0x2000004a   COMPRESSED   0x00000001   Data   RW         3578    .data               profile_tab.o
    0x2000004b   COMPRESSED   0x00000001   Data   RW         3579    .data               profile_tab.o
    0x2000004c   COMPRESSED   0x000000f4   Data   RW         3580    .data               profile_tab.o
    0x20000140   COMPRESSED   0x000000f4   Data   RW         3581    .data               profile_tab.o
    0x20000234   COMPRESSED   0x000000f4   Data   RW         3582    .data               profile_tab.o
    0x20000328   COMPRESSED   0x00000001   Data   RW         3583    .data               profile_tab.o
    0x20000329   COMPRESSED   0x00000003   PAD
    0x2000032c   COMPRESSED   0x00000004   Data   RW         3978    .data               Rafael_BLE_MM32F032xx_s.lib(ble_event.o)
    0x20000330   COMPRESSED   0x00000008   Data   RW         4057    .data               Rafael_BLE_MM32F032xx_s.lib(kernel.o)
    0x20000338   COMPRESSED   0x00000007   Data   RW         4356    .data               Rafael_BLE_MM32F032xx_s.lib(host.o)
    0x2000033f   COMPRESSED   0x00000008   Data   RW         4357    .data               Rafael_BLE_MM32F032xx_s.lib(host.o)
    0x20000347   COMPRESSED   0x00000001   PAD
    0x20000348   COMPRESSED   0x000000a8   Data   RW         4570    .data               Rafael_BLE_MM32F032xx_s.lib(ll.o)
    0x200003f0   COMPRESSED   0x00000028   Data   RW         5330    .data               Rafael_BLE_MM32F032xx_s.lib(rf_phy.o)
    0x20000418   COMPRESSED   0x00000005   Data   RW         5331    .data               Rafael_BLE_MM32F032xx_s.lib(rf_phy.o)
    0x2000041d   COMPRESSED   0x00000003   PAD
    0x20000420   COMPRESSED   0x0000000d   Data   RW         5725    .data               Rafael_BLE_MM32F032xx_s.lib(hci.o)
    0x2000042d   COMPRESSED   0x00000002   Data   RW         6026    .data               Rafael_BLE_MM32F032xx_s.lib(mmi.o)
    0x2000042f   COMPRESSED   0x00000010   Data   RW         6365    .data               Rafael_BLE_MM32F032xx_s.lib(rffunction.o)
    0x2000043f   COMPRESSED   0x0000000b   Data   RW         6366    .data               Rafael_BLE_MM32F032xx_s.lib(rffunction.o)
    0x2000044a   COMPRESSED   0x00000010   Data   RW         6369    .data               Rafael_BLE_MM32F032xx_s.lib(rffunction.o)
    0x2000045a   COMPRESSED   0x00000002   Data   RW         6370    .data               Rafael_BLE_MM32F032xx_s.lib(rffunction.o)
    0x2000045c   COMPRESSED   0x00000008   Data   RW         6371    .data               Rafael_BLE_MM32F032xx_s.lib(rffunction.o)
    0x20000464   COMPRESSED   0x00000010   Data   RW         6372    .data               Rafael_BLE_MM32F032xx_s.lib(rffunction.o)
    0x20000474   COMPRESSED   0x00000010   Data   RW         6373    .data               Rafael_BLE_MM32F032xx_s.lib(rffunction.o)
    0x20000484   COMPRESSED   0x00000019   Data   RW         6374    .data               Rafael_BLE_MM32F032xx_s.lib(rffunction.o)
    0x2000049d   COMPRESSED   0x00000001   Data   RW         6375    .data               Rafael_BLE_MM32F032xx_s.lib(rffunction.o)
    0x2000049e   COMPRESSED   0x0000000f   Data   RW         6377    .data               Rafael_BLE_MM32F032xx_s.lib(rffunction.o)
    0x200004ad   COMPRESSED   0x00000001   Data   RW         6378    .data               Rafael_BLE_MM32F032xx_s.lib(rffunction.o)
    0x200004ae   COMPRESSED   0x00000001   Data   RW         6379    .data               Rafael_BLE_MM32F032xx_s.lib(rffunction.o)
    0x200004af   COMPRESSED   0x00000008   Data   RW         6380    .data               Rafael_BLE_MM32F032xx_s.lib(rffunction.o)
    0x200004b7   COMPRESSED   0x00000002   Data   RW         6381    .data               Rafael_BLE_MM32F032xx_s.lib(rffunction.o)
    0x200004b9   COMPRESSED   0x00000008   Data   RW         6384    .data               Rafael_BLE_MM32F032xx_s.lib(rffunction.o)
    0x200004c1   COMPRESSED   0x00000003   PAD
    0x200004c4   COMPRESSED   0x00000004   Data   RW         6801    .data               mc_p.l(stdout.o)
    0x200004c8        -       0x00000924   Zero   RW          622    .bss                porting_misc.o
    0x20000dec        -       0x00000028   Zero   RW         4056    .bss                Rafael_BLE_MM32F032xx_s.lib(kernel.o)
    0x20000e14        -       0x000002f0   Zero   RW         4562    .bss                Rafael_BLE_MM32F032xx_s.lib(ll.o)
    0x20001104        -       0x00000030   Zero   RW         4563    .bss                Rafael_BLE_MM32F032xx_s.lib(ll.o)
    0x20001134        -       0x00000035   Zero   RW         5324    .bss                Rafael_BLE_MM32F032xx_s.lib(rf_phy.o)
    0x20001169        -       0x000000fd   Zero   RW         5923    .bss                Rafael_BLE_MM32F032xx_s.lib(l2cap.o)
    0x20001266   COMPRESSED   0x00000002   PAD
    0x20001268        -       0x00000190   Zero   RW         6355    .bss                Rafael_BLE_MM32F032xx_s.lib(rffunction.o)
    0x200013f8        -       0x00000010   Zero   RW         6356    .bss                Rafael_BLE_MM32F032xx_s.lib(rffunction.o)
    0x20001408        -       0x00000010   Zero   RW         6357    .bss                Rafael_BLE_MM32F032xx_s.lib(rffunction.o)
    0x20001418        -       0x00000010   Zero   RW         6358    .bss                Rafael_BLE_MM32F032xx_s.lib(rffunction.o)
    0x20001428        -       0x00000010   Zero   RW         6359    .bss                Rafael_BLE_MM32F032xx_s.lib(rffunction.o)
    0x20001438        -       0x00000010   Zero   RW         6360    .bss                Rafael_BLE_MM32F032xx_s.lib(rffunction.o)
    0x20001448        -       0x0000000a   Zero   RW         6361    .bss                Rafael_BLE_MM32F032xx_s.lib(rffunction.o)
    0x20001452        -       0x0000002a   Zero   RW         6363    .bss                Rafael_BLE_MM32F032xx_s.lib(rffunction.o)
    0x2000147c   COMPRESSED   0x00000004   PAD
    0x20001480        -       0x00000400   Zero   RW           66    STACK               startup_mm32f032xx_s_keil.o


==============================================================================

Image component sizes


      Code (inc. data)   RO Data    RW Data    ZI Data      Debug   Object Name

       212         20          0          0          0       6840   hal_dma.o
       200         28          0          0          0       6267   hal_exti.o
       200          0          0          0          0       7045   hal_gpio.o
        80         10          0          0          0       2388   hal_misc.o
       240         60          0         16          0       8220   hal_rcc.o
       242          0          0          0          0       7870   hal_spi.o
       164          4          0          0          0       5238   hal_uart.o
       296         74          0          4          0     145315   main.o
        18          0          0          0          0       1059   porting_lltimer.o
       664         24          1          0       2340       6126   porting_misc.o
       764         48         22          0          0       6740   porting_spi.o
         4          0       1170        769          0      14868   profile_tab.o
      1298         88          8          2          0       7566   spi.o
        88         38        192          0       1024        816   startup_mm32f032xx_s_keil.o
       292         30          0          0          0     132817   system_mm32f032xx_s.o
       176         24          0          4          0       8764   systick.o
       336         16          0          0          0       2038   uart.o
       694        222        121         12          0      25697   user.o

    ----------------------------------------------------------------------
      5984        686       1552        812       3364     395674   Object Totals
         0          0         32          0          0          0   (incl. Generated)
        16          0          6          5          0          0   (incl. Padding)

    ----------------------------------------------------------------------

      Code (inc. data)   RO Data    RW Data    ZI Data      Debug   Library Member Name

       644         26          0          0          0      36601   ble_cmd.o
       576         42          0          4          0       4649   ble_event.o
      1362        248        180         13          0      52819   hci.o
       242         28         12         15          0      16915   host.o
      1270        112          0          8         40      48959   kernel.o
        78         12          4          0        253       4206   l2cap.o
     18260       1206        856        168        800     146154   ll.o
      5538        552        200          2          0      45433   mmi.o
      2346        242        282         45         53      54878   rf_phy.o
      1224        114         16        146        532      28889   rffunction.o
        86          0          0          0          0          0   __dczerorl2.o
         0          0          0          0          0          0   entry.o
         0          0          0          0          0          0   entry10a.o
         0          0          0          0          0          0   entry11a.o
         4          0          0          0          0          0   entry12b.o
         8          4          0          0          0          0   entry2.o
         4          0          0          0          0          0   entry5.o
         0          0          0          0          0          0   entry7b.o
         0          0          0          0          0          0   entry8b.o
         8          4          0          0          0          0   entry9a.o
        30          0          0          0          0          0   handlers.o
        40          0          0          0          0         72   idiv.o
        36          8          0          0          0         68   init.o
        32          0          0          0          0         68   llshl.o
        34          0          0          0          0         68   llushr.o
      1172         52          0          0          0        324   printf8.o
         0          0          0          4          0          0   stdout.o
        44          0          0          0          0         72   uidiv.o
        96          0          0          0          0         84   uldiv.o

    ----------------------------------------------------------------------
     33164       2650       1552        412       1684     440259   Library Totals
        30          0          2          7          6          0   (incl. Padding)

    ----------------------------------------------------------------------

      Code (inc. data)   RO Data    RW Data    ZI Data      Debug   Library Name

     31540       2582       1550        401       1678     439503   Rafael_BLE_MM32F032xx_s.lib
      1594         68          0          4          0        756   mc_p.l

    ----------------------------------------------------------------------
     33164       2650       1552        412       1684     440259   Library Totals

    ----------------------------------------------------------------------

==============================================================================


      Code (inc. data)   RO Data    RW Data    ZI Data      Debug   

     39148       3336       3104       1224       5048     818241   Grand Totals
     39148       3336       3104        644       5048     818241   ELF Image Totals (compressed)
     39148       3336       3104        644          0          0   ROM Totals

==============================================================================

    Total RO  Size (Code + RO Data)                42252 (  41.26kB)
    Total RW  Size (RW Data + ZI Data)              6272 (   6.13kB)
    Total ROM Size (Code + RO Data + RW Data)      42896 (  41.89kB)

==============================================================================

